Component: ARM Compiler 5.06 update 7 (build 960) Tool: armlink [4d3601]

==============================================================================

Section Cross References

    startup_stm32f103xb.o(RESET) refers to startup_stm32f103xb.o(STACK) for __initial_sp
    startup_stm32f103xb.o(RESET) refers to startup_stm32f103xb.o(.text) for Reset_Handler
    startup_stm32f103xb.o(RESET) refers to stm32f1xx_it.o(i.NMI_Handler) for NMI_Handler
    startup_stm32f103xb.o(RESET) refers to stm32f1xx_it.o(i.HardFault_Handler) for HardFault_Handler
    startup_stm32f103xb.o(RESET) refers to stm32f1xx_it.o(i.MemManage_Handler) for MemManage_Handler
    startup_stm32f103xb.o(RESET) refers to stm32f1xx_it.o(i.BusFault_Handler) for BusFault_Handler
    startup_stm32f103xb.o(RESET) refers to stm32f1xx_it.o(i.UsageFault_Handler) for UsageFault_Handler
    startup_stm32f103xb.o(RESET) refers to stm32f1xx_it.o(i.SVC_Handler) for SVC_Handler
    startup_stm32f103xb.o(RESET) refers to stm32f1xx_it.o(i.DebugMon_Handler) for DebugMon_Handler
    startup_stm32f103xb.o(RESET) refers to stm32f1xx_it.o(i.PendSV_Handler) for PendSV_Handler
    startup_stm32f103xb.o(RESET) refers to stm32f1xx_it.o(i.SysTick_Handler) for SysTick_Handler
    startup_stm32f103xb.o(RESET) refers to stm32f1xx_it.o(i.EXTI0_IRQHandler) for EXTI0_IRQHandler
    startup_stm32f103xb.o(RESET) refers to stm32f1xx_it.o(i.EXTI1_IRQHandler) for EXTI1_IRQHandler
    startup_stm32f103xb.o(RESET) refers to stm32f1xx_it.o(i.EXTI3_IRQHandler) for EXTI3_IRQHandler
    startup_stm32f103xb.o(RESET) refers to stm32f1xx_it.o(i.EXTI4_IRQHandler) for EXTI4_IRQHandler
    startup_stm32f103xb.o(RESET) refers to stm32f1xx_it.o(i.TIM2_IRQHandler) for TIM2_IRQHandler
    startup_stm32f103xb.o(RESET) refers to stm32f1xx_it.o(i.TIM3_IRQHandler) for TIM3_IRQHandler
    startup_stm32f103xb.o(RESET) refers to stm32f1xx_it.o(i.USART1_IRQHandler) for USART1_IRQHandler
    startup_stm32f103xb.o(RESET) refers to stm32f1xx_it.o(i.EXTI15_10_IRQHandler) for EXTI15_10_IRQHandler
    startup_stm32f103xb.o(.text) refers to system_stm32f1xx.o(i.SystemInit) for SystemInit
    startup_stm32f103xb.o(.text) refers to entry.o(.ARM.Collect$$$$00000000) for __main
    main.o(i.MX_NVIC_Init) refers to stm32f1xx_hal_cortex.o(i.HAL_NVIC_SetPriority) for HAL_NVIC_SetPriority
    main.o(i.MX_NVIC_Init) refers to stm32f1xx_hal_cortex.o(i.HAL_NVIC_EnableIRQ) for HAL_NVIC_EnableIRQ
    main.o(i.SystemClock_Config) refers to memseta.o(.text) for __aeabi_memclr4
    main.o(i.SystemClock_Config) refers to stm32f1xx_hal_rcc.o(i.HAL_RCC_OscConfig) for HAL_RCC_OscConfig
    main.o(i.SystemClock_Config) refers to main.o(i.Error_Handler) for Error_Handler
    main.o(i.SystemClock_Config) refers to stm32f1xx_hal_rcc.o(i.HAL_RCC_ClockConfig) for HAL_RCC_ClockConfig
    main.o(i.main) refers to stm32f1xx_hal.o(i.HAL_Init) for HAL_Init
    main.o(i.main) refers to main.o(i.SystemClock_Config) for SystemClock_Config
    main.o(i.main) refers to gpio.o(i.MX_GPIO_Init) for MX_GPIO_Init
    main.o(i.main) refers to tim.o(i.MX_TIM1_Init) for MX_TIM1_Init
    main.o(i.main) refers to usart.o(i.MX_USART1_UART_Init) for MX_USART1_UART_Init
    main.o(i.main) refers to tim.o(i.MX_TIM2_Init) for MX_TIM2_Init
    main.o(i.main) refers to tim.o(i.MX_TIM3_Init) for MX_TIM3_Init
    main.o(i.main) refers to tim.o(i.MX_TIM4_Init) for MX_TIM4_Init
    main.o(i.main) refers to main.o(i.MX_NVIC_Init) for MX_NVIC_Init
    main.o(i.main) refers to stm32f1xx_hal_tim.o(i.HAL_TIM_Encoder_Start) for HAL_TIM_Encoder_Start
    main.o(i.main) refers to stm32utilities.o(i.timing_init) for timing_init
    main.o(i.main) refers to stm32utilities.o(i.uart_init) for uart_init
    main.o(i.main) refers to eeprom.o(i.eeprom_init) for eeprom_init
    main.o(i.main) refers to serial.o(i.serial_init) for serial_init
    main.o(i.main) refers to settings.o(i.settings_init) for settings_init
    main.o(i.main) refers to stepper.o(i.stepper_init) for stepper_init
    main.o(i.main) refers to system.o(i.system_init) for system_init
    main.o(i.main) refers to memseta.o(.text) for __aeabi_memclr4
    main.o(i.main) refers to serial.o(i.serial_reset_read_buffer) for serial_reset_read_buffer
    main.o(i.main) refers to gcode.o(i.gc_init) for gc_init
    main.o(i.main) refers to spindle_control.o(i.spindle_init) for spindle_init
    main.o(i.main) refers to coolant_control.o(i.coolant_init) for coolant_init
    main.o(i.main) refers to limits.o(i.limits_init) for limits_init
    main.o(i.main) refers to probe.o(i.probe_init) for probe_init
    main.o(i.main) refers to inoutputs.o(i.inoutputs_init) for inoutputs_init
    main.o(i.main) refers to planner.o(i.plan_reset) for plan_reset
    main.o(i.main) refers to stepper.o(i.st_reset) for st_reset
    main.o(i.main) refers to planner.o(i.plan_sync_position) for plan_sync_position
    main.o(i.main) refers to gcode.o(i.gc_sync_position) for gc_sync_position
[...]
    segment_next_head                        0x20000036   Data           1  stepper.o(.data)
    step_port_invert_mask                    0x20000038   Data           2  stepper.o(.data)
    dir_port_invert_mask                     0x2000003a   Data           2  stepper.o(.data)
    busy                                     0x2000003c   Data           1  stepper.o(.data)
    pl_block                                 0x20000040   Data           4  stepper.o(.data)
    st_prep_block                            0x20000044   Data           4  stepper.o(.data)
    .data                                    0x20000048   Section        4  errno.o(.data)
    _errno                                   0x20000048   Data           4  errno.o(.data)
    .bss                                     0x2000004c   Section       44  main.o(.bss)
    .bss                                     0x20000078   Section       72  tim.o(.bss)
    .bss                                     0x200000c0   Section       32  stm32f1xx_hal_flash.o(.bss)
    .bss                                     0x200000e0   Section      115  stm32utilities.o(.bss)
    .bss                                     0x20000153   Section     1024  eeprom.o(.bss)
    .bss                                     0x20000554   Section      148  gcode.o(.bss)
    .bss                                     0x200005e8   Section       44  limits.o(.bss)
    homing_data                              0x200005e8   Data          44  limits.o(.bss)
    .bss                                     0x20000614   Section    10428  planner.o(.bss)
    block_buffer                             0x20000614   Data       10400  planner.o(.bss)
    pl                                       0x20002eb4   Data          28  planner.o(.bss)
    .bss                                     0x20002ed0   Section       80  protocol.o(.bss)
    line                                     0x20002ed0   Data          80  protocol.o(.bss)
    .bss                                     0x20002f20   Section      382  serial.o(.bss)
    .bss                                     0x200030a0   Section      124  settings.o(.bss)
    .bss                                     0x2000311c   Section     1000  stepper.o(.bss)
    st_block_buffer                          0x2000311c   Data         620  stepper.o(.bss)
    segment_buffer                           0x20003388   Data         256  stepper.o(.bss)
    st                                       0x20003488   Data          56  stepper.o(.bss)
    prep                                     0x200034c0   Data          56  stepper.o(.bss)
    STACK                                    0x20003508   Section     1024  startup_stm32f103xb.o(STACK)

    Global Symbols

    Symbol Name                              Value     Ov Type        Size  Object(Section)

    BuildAttributes$$THM_ISAv4$P$D$K$B$S$PE$A:L22UL41UL21$X:L11$S22US41US21$IEEE1$IW$USESV6$~STKCKD$USESV7$~SHL$OTIME$ROPI$IEEEX$EBA8$MICROLIB$REQ8$PRES8$EABIv2 0x00000000   Number         0  anon$$obj.o ABSOLUTE
    __ARM_use_no_argv                        0x00000000   Number         0  main.o ABSOLUTE
    __arm_fini_                               - Undefined Weak Reference
    __cpp_initialize__aeabi_                  - Undefined Weak Reference
    __cxa_finalize                            - Undefined Weak Reference
    __decompress                              - Undefined Weak Reference
    _clock_init                               - Undefined Weak Reference
    _microlib_exit                            - Undefined Weak Reference
    __Vectors_Size                           0x000000ec   Number         0  startup_stm32f103xb.o ABSOLUTE
    __Vectors                                0x08000000   Data           4  startup_stm32f103xb.o(RESET)
    __Vectors_End                            0x080000ec   Data           0  startup_stm32f103xb.o(RESET)
    __main                                   0x080000ed   Thumb Code     0  entry.o(.ARM.Collect$$$$00000000)
    _main_stk                                0x080000ed   Thumb Code     0  entry2.o(.ARM.Collect$$$$00000001)
    _main_scatterload                        0x080000f1   Thumb Code     0  entry5.o(.ARM.Collect$$$$00000004)
    __main_after_scatterload                 0x080000f5   Thumb Code     0  entry5.o(.ARM.Collect$$$$00000004)
    _main_clock                              0x080000f5   Thumb Code     0  entry7b.o(.ARM.Collect$$$$00000008)
    _main_cpp_init                           0x080000f5   Thumb Code     0  entry8b.o(.ARM.Collect$$$$0000000A)
    _main_init                               0x080000f5   Thumb Code     0  entry9a.o(.ARM.Collect$$$$0000000B)
    __rt_lib_shutdown_fini                   0x080000fd   Thumb Code     0  entry12b.o(.ARM.Collect$$$$0000000E)
    __rt_final_cpp                           0x08000101   Thumb Code     0  entry10a.o(.ARM.Collect$$$$0000000F)
    __rt_final_exit                          0x08000101   Thumb Code     0  entry11a.o(.ARM.Collect$$$$00000011)
    Reset_Handler                            0x08000105   Thumb Code     8  startup_stm32f103xb.o(.text)
    ADC1_2_IRQHandler                        0x0800011f   Thumb Code     0  startup_stm32f103xb.o(.text)
    CAN1_RX1_IRQHandler                      0x0800011f   Thumb Code     0  startup_stm32f103xb.o(.text)
    CAN1_SCE_IRQHandler                      0x0800011f   Thumb Code     0  startup_stm32f103xb.o(.text)
    DMA1_Channel1_IRQHandler                 0x0800011f   Thumb Code     0  startup_stm32f103xb.o(.text)
    DMA1_Channel2_IRQHandler                 0x0800011f   Thumb Code     0  startup_stm32f103xb.o(.text)
    DMA1_Channel3_IRQHandler                 0x0800011f   Thumb Code     0  startup_stm32f103xb.o(.text)
    DMA1_Channel4_IRQHandler                 0x0800011f   Thumb Code     0  startup_stm32f103xb.o(.text)
    DMA1_Channel5_IRQHandler                 0x0800011f   Thumb Code     0  startup_stm32f103xb.o(.text)
    DMA1_Channel6_IRQHandler                 0x0800011f   Thumb Code     0  startup_stm32f103xb.o(.text)
    DMA1_Channel7_IRQHandler                 0x0800011f   Thumb Code     0  startup_stm32f103xb.o(.text)
    EXTI2_IRQHandler                         0x0800011f   Thumb Code     0  startup_stm32f103xb.o(.text)
    EXTI9_5_IRQHandler                       0x0800011f   Thumb Code     0  startup_stm32f103xb.o(.text)
    FLASH_IRQHandler                         0x0800011f   Thumb Code     0  startup_stm32f103xb.o(.text)
    I2C1_ER_IRQHandler                       0x0800011f   Thumb Code     0  startup_stm32f103xb.o(.text)
    I2C1_EV_IRQHandler                       0x0800011f   Thumb Code     0  startup_stm32f103xb.o(.text)
    I2C2_ER_IRQHandler                       0x0800011f   Thumb Code     0  startup_stm32f103xb.o(.text)
    I2C2_EV_IRQHandler                       0x0800011f   Thumb Code     0  startup_stm32f103xb.o(.text)
    PVD_IRQHandler                           0x0800011f   Thumb Code     0  startup_stm32f103xb.o(.text)
    RCC_IRQHandler                           0x0800011f   Thumb Code     0  startup_stm32f103xb.o(.text)
    RTC_Alarm_IRQHandler                     0x0800011f   Thumb Code     0  startup_stm32f103xb.o(.text)
    RTC_IRQHandler                           0x0800011f   Thumb Code     0  startup_stm32f103xb.o(.text)
    SPI1_IRQHandler                          0x0800011f   Thumb Code     0  startup_stm32f103xb.o(.text)
    SPI2_IRQHandler                          0x0800011f   Thumb Code     0  startup_stm32f103xb.o(.text)
    TAMPER_IRQHandler                        0x0800011f   Thumb Code     0  startup_stm32f103xb.o(.text)
    TIM1_BRK_IRQHandler                      0x0800011f   Thumb Code     0  startup_stm32f103xb.o(.text)
    TIM1_CC_IRQHandler                       0x0800011f   Thumb Code     0  startup_stm32f103xb.o(.text)
    TIM1_TRG_COM_IRQHandler                  0x0800011f   Thumb Code     0  startup_stm32f103xb.o(.text)
    TIM1_UP_IRQHandler                       0x0800011f   Thumb Code     0  startup_stm32f103xb.o(.text)
    TIM4_IRQHandler                          0x0800011f   Thumb Code     0  startup_stm32f103xb.o(.text)
    USART2_IRQHandler                        0x0800011f   Thumb Code     0  startup_stm32f103xb.o(.text)
    USART3_IRQHandler                        0x0800011f   Thumb Code     0  startup_stm32f103xb.o(.text)
    USBWakeUp_IRQHandler                     0x0800011f   Thumb Code     0  startup_stm32f103xb.o(.text)
    USB_HP_CAN1_TX_IRQHandler                0x0800011f   Thumb Code     0  startup_stm32f103xb.o(.text)
    USB_LP_CAN1_RX0_IRQHandler               0x0800011f   Thumb Code     0  startup_stm32f103xb.o(.text)
    WWDG_IRQHandler                          0x0800011f   Thumb Code     0  startup_stm32f103xb.o(.text)
    __aeabi_llsr                             0x08000129   Thumb Code    32  llushr.o(.text)
    _ll_ushift_r                             0x08000129   Thumb Code     0  llushr.o(.text)
    __aeabi_memcpy                           0x08000149   Thumb Code    36  memcpya.o(.text)
    __aeabi_memcpy4                          0x08000149   Thumb Code     0  memcpya.o(.text)
    __aeabi_memcpy8                          0x08000149   Thumb Code     0  memcpya.o(.text)
    __aeabi_memset                           0x0800016d   Thumb Code    14  memseta.o(.text)
    __aeabi_memset4                          0x0800016d   Thumb Code     0  memseta.o(.text)
    __aeabi_memset8                          0x0800016d   Thumb Code     0  memseta.o(.text)
    __aeabi_memclr                           0x0800017b   Thumb Code     4  memseta.o(.text)
    __aeabi_memclr4                          0x0800017b   Thumb Code     0  memseta.o(.text)
    __aeabi_memclr8                          0x0800017b   Thumb Code     0  memseta.o(.text)
    _memset$wrapper                          0x0800017f   Thumb Code    18  memseta.o(.text)
    memcmp                                   0x08000191   Thumb Code    26  memcmp.o(.text)
    __aeabi_fadd                             0x080001ab   Thumb Code   164  fadd.o(.text)
    __aeabi_fsub                             0x0800024f   Thumb Code     6  fadd.o(.text)
    __aeabi_frsub                            0x08000255   Thumb Code     6  fadd.o(.text)
    __aeabi_fmul                             0x0800025b   Thumb Code   100  fmul.o(.text)
    __aeabi_fdiv                             0x080002bf   Thumb Code   124  fdiv.o(.text)
    __aeabi_dadd                             0x0800033b   Thumb Code   322  dadd.o(.text)
    __aeabi_dsub                             0x0800047d   Thumb Code     6  dadd.o(.text)
    __aeabi_drsub                            0x08000483   Thumb Code     6  dadd.o(.text)
    __aeabi_dmul                             0x08000489   Thumb Code   228  dmul.o(.text)
    __aeabi_ddiv                             0x0800056d   Thumb Code   222  ddiv.o(.text)
    __aeabi_i2f                              0x0800064b   Thumb Code    18  fflti.o(.text)
    __aeabi_ui2f                             0x0800065d   Thumb Code    10  ffltui.o(.text)
    __aeabi_ui2d                             0x08000667   Thumb Code    26  dfltui.o(.text)
    __aeabi_f2iz                             0x08000681   Thumb Code    50  ffixi.o(.text)
    __aeabi_f2uiz                            0x080006b3   Thumb Code    40  ffixui.o(.text)
    __aeabi_d2iz                             0x080006db   Thumb Code    62  dfixi.o(.text)
    __aeabi_d2uiz                            0x08000719   Thumb Code    50  dfixui.o(.text)
    __aeabi_f2d                              0x0800074b   Thumb Code    38  f2d.o(.text)
    __aeabi_cdcmpeq                          0x08000771   Thumb Code     0  cdcmple.o(.text)
    __aeabi_cdcmple                          0x08000771   Thumb Code    48  cdcmple.o(.text)
    __aeabi_cdrcmple                         0x080007a1   Thumb Code    48  cdrcmple.o(.text)
    __aeabi_d2f                              0x080007d1   Thumb Code    56  d2f.o(.text)
    __aeabi_cfcmpeq                          0x08000809   Thumb Code     0  cfcmple.o(.text)
    __aeabi_cfcmple                          0x08000809   Thumb Code    20  cfcmple.o(.text)
    __aeabi_cfrcmple                         0x0800081d   Thumb Code    20  cfrcmple.o(.text)
    __aeabi_llsl                             0x08000831   Thumb Code    30  llshl.o(.text)
    _ll_shift_l                              0x08000831   Thumb Code     0  llshl.o(.text)
    __aeabi_lasr                             0x0800084f   Thumb Code    36  llsshr.o(.text)
    _ll_sshift_r                             0x0800084f   Thumb Code     0  llsshr.o(.text)
    __I$use$fp                               0x08000873   Thumb Code     0  iusefp.o(.text)
    _float_round                             0x08000873   Thumb Code    18  fepilogue.o(.text)
    _float_epilogue                          0x08000885   Thumb Code    92  fepilogue.o(.text)
    _fsqrt                                   0x080008e1   Thumb Code    94  fsqrt.o(.text)
    _frnd                                    0x0800093f   Thumb Code    60  frnd.o(.text)
    _double_round                            0x0800097b   Thumb Code    30  depilogue.o(.text)
    _double_epilogue                         0x08000999   Thumb Code   156  depilogue.o(.text)
    _dsqrt                                   0x08000a35   Thumb Code   162  dsqrt.o(.text)
    _drnd                                    0x08000ad9   Thumb Code   132  drnd.o(.text)
    _dfix_r                                  0x08000b61   Thumb Code   168  dfixir.o(.text)
    __scatterload                            0x08000c09   Thumb Code    28  init.o(.text)
    __scatterload_rt2                        0x08000c09   Thumb Code     0  init.o(.text)
    __ARM_scalbnf                            0x08000c2d   Thumb Code    24  fscalb.o(.text)
    scalbnf                                  0x08000c2d   Thumb Code     0  fscalb.o(.text)
    BusFault_Handler                         0x08000c45   Thumb Code     4  stm32f1xx_it.o(i.BusFault_Handler)
    DebugMon_Handler                         0x08000c49   Thumb Code     2  stm32f1xx_it.o(i.DebugMon_Handler)
    EXTI0_IRQHandler                         0x08000c4b   Thumb Code    22  stm32f1xx_it.o(i.EXTI0_IRQHandler)
    EXTI15_10_IRQHandler                     0x08000c61   Thumb Code    38  stm32f1xx_it.o(i.EXTI15_10_IRQHandler)
    EXTI1_IRQHandler                         0x08000c87   Thumb Code    22  stm32f1xx_it.o(i.EXTI1_IRQHandler)
    EXTI3_IRQHandler                         0x08000c9d   Thumb Code    22  stm32f1xx_it.o(i.EXTI3_IRQHandler)
    EXTI4_IRQHandler                         0x08000cb3   Thumb Code    22  stm32f1xx_it.o(i.EXTI4_IRQHandler)
    Error_Handler                            0x08000cc9   Thumb Code     2  main.o(i.Error_Handler)
    FLASH_PageErase                          0x08000ccd   Thumb Code    32  stm32f1xx_hal_flash_ex.o(i.FLASH_PageErase)
    FLASH_WaitForLastOperation               0x08000d99   Thumb Code   106  stm32f1xx_hal_flash.o(i.FLASH_WaitForLastOperation)
    GPIO_ResetBits                           0x08000e09   Thumb Code    18  stm32utilities.o(i.GPIO_ResetBits)
    GPIO_SetBits                             0x08000e1b   Thumb Code    18  stm32utilities.o(i.GPIO_SetBits)
    HAL_Delay                                0x08000e2d   Thumb Code    36  stm32f1xx_hal.o(i.HAL_Delay)
    HAL_FLASH_Lock                           0x08000e55   Thumb Code    16  stm32f1xx_hal_flash.o(i.HAL_FLASH_Lock)
    HAL_FLASH_Program                        0x08000e69   Thumb Code   168  stm32f1xx_hal_flash.o(i.HAL_FLASH_Program)
    HAL_FLASH_Unlock                         0x08000f19   Thumb Code    36  stm32f1xx_hal_flash.o(i.HAL_FLASH_Unlock)
    HAL_GPIO_EXTI_Callback                   0x08000f49   Thumb Code     2  stm32f1xx_hal_gpio.o(i.HAL_GPIO_EXTI_Callback)
    HAL_GPIO_EXTI_IRQHandler                 0x08000f4d   Thumb Code    24  stm32f1xx_hal_gpio.o(i.HAL_GPIO_EXTI_IRQHandler)
    HAL_GPIO_Init                            0x08000f69   Thumb Code   766  stm32f1xx_hal_gpio.o(i.HAL_GPIO_Init)
    HAL_GPIO_WritePin                        0x08001289   Thumb Code    12  stm32f1xx_hal_gpio.o(i.HAL_GPIO_WritePin)
    HAL_GetTick                              0x08001295   Thumb Code     6  stm32f1xx_hal.o(i.HAL_GetTick)
    HAL_IncTick                              0x080012a1   Thumb Code    16  stm32f1xx_hal.o(i.HAL_IncTick)
    HAL_Init                                 0x080012b9   Thumb Code    34  stm32f1xx_hal.o(i.HAL_Init)
    HAL_InitTick                             0x080012e1   Thumb Code    64  stm32f1xx_hal.o(i.HAL_InitTick)
    HAL_MspInit                              0x0800132d   Thumb Code    76  stm32f1xx_hal_msp.o(i.HAL_MspInit)
    HAL_NVIC_EnableIRQ                       0x08001381   Thumb Code    32  stm32f1xx_hal_cortex.o(i.HAL_NVIC_EnableIRQ)
    HAL_NVIC_SetPriority                     0x080013a1   Thumb Code   124  stm32f1xx_hal_cortex.o(i.HAL_NVIC_SetPriority)
    HAL_NVIC_SetPriorityGrouping             0x0800141d   Thumb Code    32  stm32f1xx_hal_cortex.o(i.HAL_NVIC_SetPriorityGrouping)
    HAL_RCC_ClockConfig                      0x08001445   Thumb Code   376  stm32f1xx_hal_rcc.o(i.HAL_RCC_ClockConfig)
    HAL_RCC_GetSysClockFreq                  0x080015d1   Thumb Code   116  stm32f1xx_hal_rcc.o(i.HAL_RCC_GetSysClockFreq)
    HAL_RCC_OscConfig                        0x08001665   Thumb Code  1114  stm32f1xx_hal_rcc.o(i.HAL_RCC_OscConfig)
    HAL_SYSTICK_Config                       0x08001ac9   Thumb Code    52  stm32f1xx_hal_cortex.o(i.HAL_SYSTICK_Config)
    HAL_TIMEx_MasterConfigSynchronization    0x08001afd   Thumb Code   118  stm32f1xx_hal_tim_ex.o(i.HAL_TIMEx_MasterConfigSynchronization)
    HAL_TIM_Encoder_Init                     0x08001b81   Thumb Code   196  stm32f1xx_hal_tim.o(i.HAL_TIM_Encoder_Init)
    HAL_TIM_Encoder_MspInit                  0x08001c45   Thumb Code   100  tim.o(i.HAL_TIM_Encoder_MspInit)
    HAL_TIM_Encoder_Start                    0x08001cb5   Thumb Code   204  stm32f1xx_hal_tim.o(i.HAL_TIM_Encoder_Start)
    HandleControlIT                          0x08001d81   Thumb Code   104  system.o(i.HandleControlIT)
    HandleLimitIT                            0x08001ded   Thumb Code    38  limits.o(i.HandleLimitIT)
    HandleStepResetIT                        0x08001e1d   Thumb Code    28  stepper.o(i.HandleStepResetIT)
    HandleStepSetIT                          0x08001e41   Thumb Code   822  stepper.o(i.HandleStepSetIT)
    HandleUartIT                             0x080021b1   Thumb Code   294  serial.o(i.HandleUartIT)
    HardFault_Handler                        0x080022e9   Thumb Code     4  stm32f1xx_it.o(i.HardFault_Handler)
    LL_GPIO_Init                             0x08002341   Thumb Code   288  stm32f1xx_ll_gpio.o(i.LL_GPIO_Init)
    LL_RCC_GetSystemClocksFreq               0x0800246b   Thumb Code    36  stm32f1xx_ll_rcc.o(i.LL_RCC_GetSystemClocksFreq)
    LL_TIM_BDTR_Init                         0x0800248f   Thumb Code    82  stm32f1xx_ll_tim.o(i.LL_TIM_BDTR_Init)
    LL_TIM_Init                              0x08002515   Thumb Code   118  stm32f1xx_ll_tim.o(i.LL_TIM_Init)
    LL_TIM_OC_Init                           0x08002665   Thumb Code    92  stm32f1xx_ll_tim.o(i.LL_TIM_OC_Init)
    LL_USART_Init                            0x080026e9   Thumb Code   134  stm32f1xx_ll_usart.o(i.LL_USART_Init)
    MX_GPIO_Init                             0x08002825   Thumb Code   324  gpio.o(i.MX_GPIO_Init)
    MX_TIM1_Init                             0x080029c1   Thumb Code   206  tim.o(i.MX_TIM1_Init)
    MX_TIM2_Init                             0x08002a9d   Thumb Code   116  tim.o(i.MX_TIM2_Init)
    MX_TIM3_Init                             0x08002b11   Thumb Code   106  tim.o(i.MX_TIM3_Init)
    MX_TIM4_Init                             0x08002b81   Thumb Code   120  tim.o(i.MX_TIM4_Init)
    MX_USART1_UART_Init                      0x08002c01   Thumb Code   316  usart.o(i.MX_USART1_UART_Init)
    MemManage_Handler                        0x08002d55   Thumb Code     4  stm32f1xx_it.o(i.MemManage_Handler)
    NMI_Handler                              0x08002d59   Thumb Code     2  stm32f1xx_it.o(i.NMI_Handler)
    PendSV_Handler                           0x08002f69   Thumb Code     2  stm32f1xx_it.o(i.PendSV_Handler)
    RCC_GetHCLKClockFreq                     0x08002f95   Thumb Code    24  stm32f1xx_ll_rcc.o(i.RCC_GetHCLKClockFreq)
    RCC_GetPCLK1ClockFreq                    0x08002fb5   Thumb Code    26  stm32f1xx_ll_rcc.o(i.RCC_GetPCLK1ClockFreq)
    RCC_GetPCLK2ClockFreq                    0x08002fd9   Thumb Code    26  stm32f1xx_ll_rcc.o(i.RCC_GetPCLK2ClockFreq)
    RCC_GetSystemClockFreq                   0x08002ffd   Thumb Code    52  stm32f1xx_ll_rcc.o(i.RCC_GetSystemClockFreq)
    RCC_PLL_GetFreqDomain_SYS                0x08003039   Thumb Code    76  stm32f1xx_ll_rcc.o(i.RCC_PLL_GetFreqDomain_SYS)
    SVC_Handler                              0x08003091   Thumb Code     2  stm32f1xx_it.o(i.SVC_Handler)
    Spindle_Disable                          0x08003095   Thumb Code    50  stm32utilities.o(i.Spindle_Disable)
    Spindle_Enable                           0x080030d5   Thumb Code    50  stm32utilities.o(i.Spindle_Enable)
    SysTick_Handler                          0x08003115   Thumb Code     8  stm32f1xx_it.o(i.SysTick_Handler)
    SystemClock_Config                       0x0800311d   Thumb Code   102  main.o(i.SystemClock_Config)
    SystemInit                               0x08003185   Thumb Code    70  system_stm32f1xx.o(i.SystemInit)
    TIM2_IRQHandler                          0x080031dd   Thumb Code    42  stm32f1xx_it.o(i.TIM2_IRQHandler)
    TIM3_IRQHandler                          0x08003209   Thumb Code    92  stm32f1xx_it.o(i.TIM3_IRQHandler)
    TIM_Base_SetConfig                       0x0800326d   Thumb Code   104  stm32f1xx_hal_tim.o(i.TIM_Base_SetConfig)
    TIM_CCxChannelCmd                        0x080032e1   Thumb Code    34  stm32f1xx_hal_tim.o(i.TIM_CCxChannelCmd)
    USART1_IRQHandler                        0x08003305   Thumb Code    46  stm32f1xx_it.o(i.USART1_IRQHandler)
    UsageFault_Handler                       0x08003339   Thumb Code     4  stm32f1xx_it.o(i.UsageFault_Handler)
    __ARM_fpclassifyf                        0x0800333d   Thumb Code    38  fpclassifyf.o(i.__ARM_fpclassifyf)
    __mathlib_flt_infnan                     0x08003461   Thumb Code     6  funder.o(i.__mathlib_flt_infnan)
    __mathlib_flt_infnan2                    0x08003467   Thumb Code     4  funder.o(i.__mathlib_flt_infnan2)
    __mathlib_flt_invalid                    0x0800346b   Thumb Code     8  funder.o(i.__mathlib_flt_invalid)
    __mathlib_flt_underflow                  0x08003473   Thumb Code    10  funder.o(i.__mathlib_flt_underflow)
    __mathlib_rredf2                         0x0800347d   Thumb Code   344  rredf.o(i.__mathlib_rredf2)
    __scatterload_copy                       0x080035e5   Thumb Code    14  handlers.o(i.__scatterload_copy)
    __scatterload_null                       0x080035f3   Thumb Code     2  handlers.o(i.__scatterload_null)
    __scatterload_zeroinit                   0x080035f5   Thumb Code    14  handlers.o(i.__scatterload_zeroinit)
    __set_errno                              0x08003605   Thumb Code     6  errno.o(i.__set_errno)
    acceleration_scaling                     0x08003611   Thumb Code   122  settings.o(i.acceleration_scaling)
    atan2f                                   0x08003695   Thumb Code   598  atan2f.o(i.atan2f)
    ceil                                     0x08003939   Thumb Code   204  ceil.o(i.ceil)
    __mathlib_ceilf                          0x08003a15   Thumb Code     0  ceilf.o(i.ceilf)
    ceilf                                    0x08003a15   Thumb Code   110  ceilf.o(i.ceilf)
    convert_delta_vector_to_unit_vector      0x08003a8d   Thumb Code   132  nuts_bolts.o(i.convert_delta_vector_to_unit_vector)
    coolant_get_state                        0x08003b15   Thumb Code    36  coolant_control.o(i.coolant_get_state)
    coolant_init                             0x08003b3d   Thumb Code     8  coolant_control.o(i.coolant_init)
    coolant_set_state                        0x08003b45   Thumb Code    62  coolant_control.o(i.coolant_set_state)
    coolant_stop                             0x08003b8d   Thumb Code    24  coolant_control.o(i.coolant_stop)
    coolant_sync                             0x08003ba9   Thumb Code    28  coolant_control.o(i.coolant_sync)
    cosf                                     0x08003bc9   Thumb Code   328  cosf.o(i.cosf)
    delay_ms                                 0x08003d45   Thumb Code    32  nuts_bolts.o(i.delay_ms)
    delay_sec                                0x08003d65   Thumb Code    98  nuts_bolts.o(i.delay_sec)
    eeprom_flush                             0x08003dd1   Thumb Code   120  eeprom.o(i.eeprom_flush)
    eeprom_get_char                          0x08003e55   Thumb Code     8  eeprom.o(i.eeprom_get_char)
    eeprom_init                              0x08003e61   Thumb Code    62  eeprom.o(i.eeprom_init)
    eeprom_put_char                          0x08003ea9   Thumb Code     6  eeprom.o(i.eeprom_put_char)
    floor                                    0x08003eb5   Thumb Code   204  floor.o(i.floor)
    gc_execute_line                          0x08003f91   Thumb Code  5810  gcode.o(i.gc_execute_line)
    gc_init                                  0x08005651   Thumb Code    30  gcode.o(i.gc_init)
    gc_sync_position                         0x08005675   Thumb Code    12  gcode.o(i.gc_sync_position)
    hypot_f                                  0x08005745   Thumb Code    44  nuts_bolts.o(i.hypot_f)
    inoutputs_init                           0x08005771   Thumb Code    22  inoutputs.o(i.inoutputs_init)
    inputs_digital_init                      0x08005787   Thumb Code     2  inoutputs.o(i.inputs_digital_init)
    jog_execute                              0x08005789   Thumb Code    84  jog.o(i.jog_execute)
    limit_value_by_axis_maximum              0x080057e5   Thumb Code   126  nuts_bolts.o(i.limit_value_by_axis_maximum)
    limits_disable                           0x08005869   Thumb Code    58  limits.o(i.limits_disable)
    limits_enable                            0x080058a9   Thumb Code     2  limits.o(i.limits_enable)
    limits_get_state                         0x080058ad   Thumb Code    62  limits.o(i.limits_get_state)
    limits_go_home                           0x080058f9   Thumb Code    32  limits.o(i.limits_go_home)
    limits_homing_in_progress                0x0800591d   Thumb Code    30  limits.o(i.limits_homing_in_progress)
    limits_homing_process                    0x08005941   Thumb Code   876  limits.o(i.limits_homing_process)
    limits_init                              0x08005ccd   Thumb Code    26  limits.o(i.limits_init)
    limits_soft_check                        0x08005ced   Thumb Code   112  limits.o(i.limits_soft_check)
    lround                                   0x08005d65   Thumb Code   170  lround.o(i.lround)
    main                                     0x08005e29   Thumb Code   218  main.o(i.main)
    mc_arc                                   0x08005f2d   Thumb Code   908  motion_control.o(i.mc_arc)
    mc_dwell                                 0x080062e5   Thumb Code    30  motion_control.o(i.mc_dwell)
    mc_homing_cycle                          0x08006309   Thumb Code    58  motion_control.o(i.mc_homing_cycle)
    mc_line                                  0x0800634d   Thumb Code   116  motion_control.o(i.mc_line)
    mc_probe_cycle                           0x080063c9   Thumb Code   206  motion_control.o(i.mc_probe_cycle)
    mc_reset                                 0x080064a9   Thumb Code    80  motion_control.o(i.mc_reset)
    memcpy_from_eeprom_with_checksum         0x08006505   Thumb Code    70  eeprom.o(i.memcpy_from_eeprom_with_checksum)
    memcpy_to_eeprom_with_checksum           0x0800654b   Thumb Code    70  eeprom.o(i.memcpy_to_eeprom_with_checksum)
    outputs_analog_action                    0x08006591   Thumb Code     2  inoutputs.o(i.outputs_analog_action)
    outputs_analog_init                      0x08006593   Thumb Code     2  inoutputs.o(i.outputs_analog_init)
    outputs_analog_set                       0x08006595   Thumb Code     2  inoutputs.o(i.outputs_analog_set)
    outputs_digital_action                   0x08006597   Thumb Code    66  inoutputs.o(i.outputs_digital_action)
    outputs_digital_reset                    0x080065d9   Thumb Code    28  inoutputs.o(i.outputs_digital_reset)
    outputs_digital_set                      0x080065fd   Thumb Code    28  inoutputs.o(i.outputs_digital_set)
    outputs_set_digital                      0x08006621   Thumb Code    40  inoutputs.o(i.outputs_set_digital)
    plan_buffer_line                         0x08006651   Thumb Code   750  planner.o(i.plan_buffer_line)
    plan_check_full_buffer                   0x08006979   Thumb Code    20  planner.o(i.plan_check_full_buffer)
    plan_compute_profile_nominal_speed       0x08006995   Thumb Code   174  planner.o(i.plan_compute_profile_nominal_speed)
    plan_cycle_reinitialize                  0x08006a8d   Thumb Code    20  planner.o(i.plan_cycle_reinitialize)
    plan_discard_current_block               0x08006aa9   Thumb Code    48  planner.o(i.plan_discard_current_block)
    plan_get_block_buffer_available          0x08006ae5   Thumb Code    46  planner.o(i.plan_get_block_buffer_available)
    plan_get_current_block                   0x08006b1d   Thumb Code    36  planner.o(i.plan_get_current_block)
    plan_get_exec_block_exit_speed_sqr       0x08006b4d   Thumb Code    42  planner.o(i.plan_get_exec_block_exit_speed_sqr)
    plan_get_system_motion_block             0x08006b85   Thumb Code    20  planner.o(i.plan_get_system_motion_block)
    plan_next_block_index                    0x08006ba1   Thumb Code    12  planner.o(i.plan_next_block_index)
    plan_reset                               0x08006bb9   Thumb Code    16  planner.o(i.plan_reset)
    plan_reset_buffer                        0x08006bcd   Thumb Code    24  planner.o(i.plan_reset_buffer)
    plan_sync_position                       0x08006bf5   Thumb Code    26  planner.o(i.plan_sync_position)
    plan_update_velocity_profile_parameters  0x08006c19   Thumb Code    70  planner.o(i.plan_update_velocity_profile_parameters)
    printFloat                               0x08006ded   Thumb Code   214  print.o(i.printFloat)
    printFloat_CoordValue                    0x08006ed1   Thumb Code    62  print.o(i.printFloat_CoordValue)
    printFloat_RateValue                     0x08006f1d   Thumb Code    62  print.o(i.printFloat_RateValue)
    printString                              0x08006f69   Thumb Code    22  print.o(i.printString)
    print_uint8_base10                       0x08006f7f   Thumb Code    88  print.o(i.print_uint8_base10)
    probe_configure_invert_mask              0x08006fd9   Thumb Code    44  probe.o(i.probe_configure_invert_mask)
    probe_get_state                          0x0800700d   Thumb Code    26  probe.o(i.probe_get_state)
    probe_init                               0x08007031   Thumb Code    10  probe.o(i.probe_init)
    probe_state_monitor                      0x0800703d   Thumb Code    36  probe.o(i.probe_state_monitor)
    protocol_auto_cycle_start                0x08007071   Thumb Code    16  protocol.o(i.protocol_auto_cycle_start)
    protocol_buffer_synchronize              0x08007081   Thumb Code    40  protocol.o(i.protocol_buffer_synchronize)
    protocol_exec_rt_system                  0x080072d1   Thumb Code  1144  protocol.o(i.protocol_exec_rt_system)
    protocol_execute_realtime                0x08007751   Thumb Code    18  protocol.o(i.protocol_execute_realtime)
    protocol_main_loop                       0x08007769   Thumb Code   348  protocol.o(i.protocol_main_loop)
    read_float                               0x080078d5   Thumb Code   318  nuts_bolts.o(i.read_float)
    read_global_settings                     0x08007a29   Thumb Code    38  settings.o(i.read_global_settings)
    report_alarm_message                     0x08007a55   Thumb Code    30  report.o(i.report_alarm_message)
    report_build_info                        0x08007a7d   Thumb Code    74  report.o(i.report_build_info)
    report_execute_startup_message           0x08007aed   Thumb Code    32  report.o(i.report_execute_startup_message)
    report_feedback_message                  0x08007b0d   Thumb Code   126  report.o(i.report_feedback_message)
    report_gcode_modes                       0x08007c3d   Thumb Code   332  report.o(i.report_gcode_modes)
    report_grbl_help                         0x08007da5   Thumb Code    10  report.o(i.report_grbl_help)
    report_grbl_settings                     0x08007db5   Thumb Code   470  report.o(i.report_grbl_settings)
    report_init_message                      0x08007f95   Thumb Code    10  report.o(i.report_init_message)
    report_ngc_parameters                    0x08007fc5   Thumb Code   138  report.o(i.report_ngc_parameters)
    report_probe_parameters                  0x08008071   Thumb Code    42  report.o(i.report_probe_parameters)
    report_realtime_status                   0x080080ad   Thumb Code   834  report.o(i.report_realtime_status)
    report_startup_line                      0x0800847d   Thumb Code    36  report.o(i.report_startup_line)
    report_status_message                    0x080084a5   Thumb Code    36  report.o(i.report_status_message)
    report_util_setting_prefix               0x08008559   Thumb Code    24  report.o(i.report_util_setting_prefix)
    round                                    0x08008589   Thumb Code   136  round.o(i.round)
    serial_get_rx_buffer_available           0x0800861d   Thumb Code    38  serial.o(i.serial_get_rx_buffer_available)
    serial_init                              0x0800864d   Thumb Code     2  serial.o(i.serial_init)
    serial_read                              0x08008651   Thumb Code    38  serial.o(i.serial_read)
    serial_reset_read_buffer                 0x08008685   Thumb Code    10  serial.o(i.serial_reset_read_buffer)
    serial_write                             0x08008699   Thumb Code    12  serial.o(i.serial_write)
    settings_init                            0x080086a5   Thumb Code    62  settings.o(i.settings_init)
    settings_read_build_info                 0x080086ed   Thumb Code    36  settings.o(i.settings_read_build_info)
    settings_read_coord_data                 0x08008711   Thumb Code    54  settings.o(i.settings_read_coord_data)
    settings_read_startup_line               0x08008747   Thumb Code    50  settings.o(i.settings_read_startup_line)
    settings_restore                         0x08008779   Thumb Code   300  settings.o(i.settings_restore)
    settings_store_build_info                0x080088d1   Thumb Code    18  settings.o(i.settings_store_build_info)
    settings_store_global_setting            0x080088e5   Thumb Code   828  settings.o(i.settings_store_global_setting)
    settings_store_startup_line              0x08008c2d   Thumb Code    34  settings.o(i.settings_store_startup_line)
    settings_write_coord_data                0x08008c4f   Thumb Code    34  settings.o(i.settings_write_coord_data)
    sinf                                     0x08008c71   Thumb Code   338  sinf.o(i.sinf)
    spindle_compute_pwm_value                0x08008df9   Thumb Code   202  spindle_control.o(i.spindle_compute_pwm_value)
    spindle_get_state                        0x08008ed9   Thumb Code    22  spindle_control.o(i.spindle_get_state)
    spindle_init                             0x08008ef5   Thumb Code    76  spindle_control.o(i.spindle_init)
    spindle_set_speed                        0x08008f51   Thumb Code    26  spindle_control.o(i.spindle_set_speed)
    spindle_set_state                        0x08008f71   Thumb Code    92  spindle_control.o(i.spindle_set_state)
    spindle_stop                             0x08008fd9   Thumb Code     8  spindle_control.o(i.spindle_stop)
    spindle_sync                             0x08008fe1   Thumb Code    32  spindle_control.o(i.spindle_sync)
    sqrt                                     0x08009005   Thumb Code    76  sqrt.o(i.sqrt)
    sqrtf                                    0x08009051   Thumb Code    44  sqrtf.o(i.sqrtf)
    st_generate_step_dir_invert_masks        0x0800907d   Thumb Code    84  stepper.o(i.st_generate_step_dir_invert_masks)
    st_get_realtime_rate                     0x080090e5   Thumb Code    20  stepper.o(i.st_get_realtime_rate)
    st_go_idle                               0x08009101   Thumb Code   102  stepper.o(i.st_go_idle)
    st_prep_buffer                           0x08009191   Thumb Code  2572  stepper.o(i.st_prep_buffer)
    st_reset                                 0x08009bbd   Thumb Code   120  stepper.o(i.st_reset)
    st_update_plan_block_parameters          0x08009c5d   Thumb Code    44  stepper.o(i.st_update_plan_block_parameters)
    st_wake_up                               0x08009c91   Thumb Code   164  stepper.o(i.st_wake_up)
    stepper_init                             0x08009d51   Thumb Code    44  stepper.o(i.stepper_init)
    system_check_safety_door_ajar            0x08009d81   Thumb Code    12  system.o(i.system_check_safety_door_ajar)
    system_check_travel_limits               0x08009d8d   Thumb Code    52  system.o(i.system_check_travel_limits)
    system_clear_exec_accessory_overrides    0x08009dc5   Thumb Code    12  system.o(i.system_clear_exec_accessory_overrides)
    system_clear_exec_alarm                  0x08009dd5   Thumb Code    12  system.o(i.system_clear_exec_alarm)
    system_clear_exec_motion_overrides       0x08009de5   Thumb Code    12  system.o(i.system_clear_exec_motion_overrides)
    system_clear_exec_state_flag             0x08009df5   Thumb Code    16  system.o(i.system_clear_exec_state_flag)
    system_control_get_state                 0x08009e09   Thumb Code    54  system.o(i.system_control_get_state)
    system_convert_array_steps_to_mpos       0x08009e45   Thumb Code    32  system.o(i.system_convert_array_steps_to_mpos)
    system_convert_axis_steps_to_mpos        0x08009e65   Thumb Code    38  system.o(i.system_convert_axis_steps_to_mpos)
    system_execute_line                      0x08009e91   Thumb Code   880  system.o(i.system_execute_line)
    system_execute_startup                   0x0800a20d   Thumb Code    64  system.o(i.system_execute_startup)
    system_flag_wco_change                   0x0800a24d   Thumb Code    14  system.o(i.system_flag_wco_change)
    system_init                              0x0800a261   Thumb Code     2  system.o(i.system_init)
    system_set_exec_accessory_override_flag  0x0800a265   Thumb Code    16  system.o(i.system_set_exec_accessory_override_flag)
    system_set_exec_alarm                    0x0800a279   Thumb Code    16  system.o(i.system_set_exec_alarm)
    system_set_exec_motion_override_flag     0x0800a28d   Thumb Code    16  system.o(i.system_set_exec_motion_override_flag)
    system_set_exec_state_flag               0x0800a2a1   Thumb Code    16  system.o(i.system_set_exec_state_flag)
    timing_init                              0x0800a2b5   Thumb Code    38  stm32utilities.o(i.timing_init)
    trunc                                    0x0800a2f1   Thumb Code    96  trunc.o(i.trunc)
    uart_init                                0x0800a355   Thumb Code    34  stm32utilities.o(i.uart_init)
    uart_sendch                              0x0800a381   Thumb Code    26  stm32utilities.o(i.uart_sendch)
    uart_sendstr                             0x0800a3a1   Thumb Code    22  stm32utilities.o(i.uart_sendstr)
    wait_on_input_action                     0x0800a3b7   Thumb Code     2  inoutputs.o(i.wait_on_input_action)
    write_global_settings                    0x0800a3b9   Thumb Code    22  settings.o(i.write_global_settings)
    AHBPrescTable                            0x0800a3fe   Data          16  system_stm32f1xx.o(.constdata)
    APBPrescTable                            0x0800a40e   Data           8  system_stm32f1xx.o(.constdata)
    outputs_pin_mask                         0x0800a440   Data           8  inoutputs.o(.constdata)
    step_pin_mask                            0x0800a472   Data           6  stm32utilities.o(.constdata)
    direction_pin_mask                       0x0800a478   Data           6  stm32utilities.o(.constdata)
    limit_pin_mask                           0x0800a47e   Data           6  stm32utilities.o(.constdata)
    Region$$Table$$Base                      0x0800a4fc   Number         0  anon$$obj.o(Region$$Table)
    Region$$Table$$Limit                     0x0800a51c   Number         0  anon$$obj.o(Region$$Table)
    sys_probe_state                          0x20000000   Data           1  main.o(.data)
    sys_rt_exec_state                        0x20000001   Data           1  main.o(.data)
    sys_rt_exec_alarm                        0x20000002   Data           1  main.o(.data)
    sys_rt_exec_motion_override              0x20000003   Data           1  main.o(.data)
    sys_rt_exec_accessory_override           0x20000004   Data           1  main.o(.data)
    uwTick                                   0x20000008   Data           4  stm32f1xx_hal.o(.data)
    uwTickPrio                               0x2000000c   Data           4  stm32f1xx_hal.o(.data)
    uwTickFreq                               0x20000010   Data           1  stm32f1xx_hal.o(.data)
    SystemCoreClock                          0x20000014   Data           4  system_stm32f1xx.o(.data)
    pHello                                   0x20000018   Data           4  stm32utilities.o(.data)
    uTICKS_PER_MICROSECOND                   0x2000001c   Data           4  stm32utilities.o(.data)
    fTICKS_PER_MINUTE                        0x20000020   Data           4  stm32utilities.o(.data)
    probe_invert_mask                        0x20000028   Data           2  probe.o(.data)
    serial_rx_buffer_head                    0x2000002a   Data           1  serial.o(.data)
    serial_rx_buffer_tail                    0x2000002b   Data           1  serial.o(.data)
    serial_tx_buffer_head                    0x2000002c   Data           1  serial.o(.data)
    serial_tx_buffer_tail                    0x2000002d   Data           1  serial.o(.data)
    sys                                      0x2000004c   Data          20  main.o(.bss)
    sys_position                             0x20000060   Data          12  main.o(.bss)
    sys_probe_position                       0x2000006c   Data          12  main.o(.bss)
    htim4                                    0x20000078   Data          72  tim.o(.bss)
    pFlash                                   0x200000c0   Data          32  stm32f1xx_hal_flash.o(.bss)
    pDbgStr                                  0x200000e0   Data          80  stm32utilities.o(.bss)
    pDbgVal8a                                0x20000130   Data           9  stm32utilities.o(.bss)
    pDbgVal8b                                0x20000139   Data           9  stm32utilities.o(.bss)
    pDbgVal16                                0x20000142   Data          17  stm32utilities.o(.bss)
    EE_Buffer                                0x20000153   Data        1024  eeprom.o(.bss)
    gc_state                                 0x20000554   Data          72  gcode.o(.bss)
    gc_block                                 0x2000059c   Data          76  gcode.o(.bss)
    serial_rx_buffer                         0x20002f20   Data         254  serial.o(.bss)
    serial_tx_buffer                         0x2000301e   Data         128  serial.o(.bss)
    settings                                 0x200030a0   Data         100  settings.o(.bss)
    adjustments                              0x20003104   Data          24  settings.o(.bss)
    actpos                                   0x200034f8   Data          12  stepper.o(.bss)
    __initial_sp                             0x20003908   Data           0  startup_stm32f103xb.o(STACK)



==============================================================================

Memory Map of the image

  Image Entry point : 0x080000ed

  Load Region LR_IROM1 (Base: 0x08000000, Size: 0x0000a568, Max: 0x00010000, ABSOLUTE)

    Execution Region ER_IROM1 (Exec base: 0x08000000, Load base: 0x08000000, Size: 0x0000a51c, Max: 0x00010000, ABSOLUTE)

    Exec Addr    Load Addr    Size         Type   Attr      Idx    E Section Name        Object

    0x08000000   0x08000000   0x000000ec   Data   RO            3    RESET               startup_stm32f103xb.o
    0x080000ec   0x080000ec   0x00000000   Code   RO         4899  * .ARM.Collect$$$$00000000  mc_w.l(entry.o)
    0x080000ec   0x080000ec   0x00000004   Code   RO         4997    .ARM.Collect$$$$00000001  mc_w.l(entry2.o)
    0x080000f0   0x080000f0   0x00000004   Code   RO         5000    .ARM.Collect$$$$00000004  mc_w.l(entry5.o)
    0x080000f4   0x080000f4   0x00000000   Code   RO         5002    .ARM.Collect$$$$00000008  mc_w.l(entry7b.o)
    0x080000f4   0x080000f4   0x00000000   Code   RO         5004    .ARM.Collect$$$$0000000A  mc_w.l(entry8b.o)
    0x080000f4   0x080000f4   0x00000008   Code   RO         5005    .ARM.Collect$$$$0000000B  mc_w.l(entry9a.o)
    0x080000fc   0x080000fc   0x00000004   Code   RO         5012    .ARM.Collect$$$$0000000E  mc_w.l(entry12b.o)
    0x08000100   0x08000100   0x00000000   Code   RO         5007    .ARM.Collect$$$$0000000F  mc_w.l(entry10a.o)
    0x08000100   0x08000100   0x00000000   Code   RO         5009    .ARM.Collect$$$$00000011  mc_w.l(entry11a.o)
    0x08000100   0x08000100   0x00000004   Code   RO         4998    .ARM.Collect$$$$00002712  mc_w.l(entry2.o)
    0x08000104   0x08000104   0x00000024   Code   RO            4    .text               startup_stm32f103xb.o
    0x08000128   0x08000128   0x00000020   Code   RO         4902    .text               mc_w.l(llushr.o)
    0x08000148   0x08000148   0x00000024   Code   RO         4904    .text               mc_w.l(memcpya.o)
    0x0800016c   0x0800016c   0x00000024   Code   RO         4906    .text               mc_w.l(memseta.o)
    0x08000190   0x08000190   0x0000001a   Code   RO         4908    .text               mc_w.l(memcmp.o)
    0x080001aa   0x080001aa   0x000000b0   Code   RO         4940    .text               mf_w.l(fadd.o)
    0x0800025a   0x0800025a   0x00000064   Code   RO         4942    .text               mf_w.l(fmul.o)
    0x080002be   0x080002be   0x0000007c   Code   RO         4944    .text               mf_w.l(fdiv.o)
    0x0800033a   0x0800033a   0x0000014e   Code   RO         4946    .text               mf_w.l(dadd.o)
    0x08000488   0x08000488   0x000000e4   Code   RO         4948    .text               mf_w.l(dmul.o)
    0x0800056c   0x0800056c   0x000000de   Code   RO         4950    .text               mf_w.l(ddiv.o)
    0x0800064a   0x0800064a   0x00000012   Code   RO         4952    .text               mf_w.l(fflti.o)
    0x0800065c   0x0800065c   0x0000000a   Code   RO         4954    .text               mf_w.l(ffltui.o)
    0x08000666   0x08000666   0x0000001a   Code   RO         4956    .text               mf_w.l(dfltui.o)
    0x08000680   0x08000680   0x00000032   Code   RO         4958    .text               mf_w.l(ffixi.o)
    0x080006b2   0x080006b2   0x00000028   Code   RO         4960    .text               mf_w.l(ffixui.o)
    0x080006da   0x080006da   0x0000003e   Code   RO         4962    .text               mf_w.l(dfixi.o)
    0x08000718   0x08000718   0x00000032   Code   RO         4964    .text               mf_w.l(dfixui.o)
    0x0800074a   0x0800074a   0x00000026   Code   RO         4966    .text               mf_w.l(f2d.o)
    0x08000770   0x08000770   0x00000030   Code   RO         4968    .text               mf_w.l(cdcmple.o)
    0x080007a0   0x080007a0   0x00000030   Code   RO         4970    .text               mf_w.l(cdrcmple.o)
    0x080007d0   0x080007d0   0x00000038   Code   RO         4972    .text               mf_w.l(d2f.o)
    0x08000808   0x08000808   0x00000014   Code   RO         4974    .text               mf_w.l(cfcmple.o)
    0x0800081c   0x0800081c   0x00000014   Code   RO         4976    .text               mf_w.l(cfrcmple.o)
    0x08000830   0x08000830   0x0000001e   Code   RO         5013    .text               mc_w.l(llshl.o)
    0x0800084e   0x0800084e   0x00000024   Code   RO         5015    .text               mc_w.l(llsshr.o)
    0x08000872   0x08000872   0x00000000   Code   RO         5026    .text               mc_w.l(iusefp.o)
    0x08000872   0x08000872   0x0000006e   Code   RO         5027    .text               mf_w.l(fepilogue.o)
    0x080008e0   0x080008e0   0x0000005e   Code   RO         5029    .text               mf_w.l(fsqrt.o)
    0x0800093e   0x0800093e   0x0000003c   Code   RO         5031    .text               mf_w.l(frnd.o)
    0x0800097a   0x0800097a   0x000000ba   Code   RO         5033    .text               mf_w.l(depilogue.o)
    0x08000a34   0x08000a34   0x000000a2   Code   RO         5035    .text               mf_w.l(dsqrt.o)
    0x08000ad6   0x08000ad6   0x00000002   PAD
    0x08000ad8   0x08000ad8   0x00000088   Code   RO         5037    .text               mf_w.l(drnd.o)
    0x08000b60   0x08000b60   0x000000a8   Code   RO         5039    .text               mf_w.l(dfixir.o)
    0x08000c08   0x08000c08   0x00000024   Code   RO         5041    .text               mc_w.l(init.o)
    0x08000c2c   0x08000c2c   0x00000018   Code   RO         5043    .text               mf_w.l(fscalb.o)
    0x08000c44   0x08000c44   0x00000004   Code   RO          489    i.BusFault_Handler  stm32f1xx_it.o
    0x08000c48   0x08000c48   0x00000002   Code   RO          490    i.DebugMon_Handler  stm32f1xx_it.o
    0x08000c4a   0x08000c4a   0x00000016   Code   RO          491    i.EXTI0_IRQHandler  stm32f1xx_it.o
    0x08000c60   0x08000c60   0x00000026   Code   RO          492    i.EXTI15_10_IRQHandler  stm32f1xx_it.o
    0x08000c86   0x08000c86   0x00000016   Code   RO          493    i.EXTI1_IRQHandler  stm32f1xx_it.o
    0x08000c9c   0x08000c9c   0x00000016   Code   RO          494    i.EXTI3_IRQHandler  stm32f1xx_it.o
    0x08000cb2   0x08000cb2   0x00000016   Code   RO          495    i.EXTI4_IRQHandler  stm32f1xx_it.o
    0x08000cc8   0x08000cc8   0x00000002   Code   RO           13    i.Error_Handler     main.o
    0x08000cca   0x08000cca   0x00000002   PAD
    0x08000ccc   0x08000ccc   0x00000028   Code   RO         2776    i.FLASH_PageErase   stm32f1xx_hal_flash_ex.o
    0x08000cf4   0x08000cf4   0x00000020   Code   RO         2664    i.FLASH_Program_HalfWord  stm32f1xx_hal_flash.o
    0x08000d14   0x08000d14   0x00000084   Code   RO         2665    i.FLASH_SetErrorCode  stm32f1xx_hal_flash.o
    0x08000d98   0x08000d98   0x00000070   Code   RO         2666    i.FLASH_WaitForLastOperation  stm32f1xx_hal_flash.o
    0x08000e08   0x08000e08   0x00000012   Code   RO         3403    i.GPIO_ResetBits    stm32utilities.o
    0x08000e1a   0x08000e1a   0x00000012   Code   RO         3404    i.GPIO_SetBits      stm32utilities.o
    0x08000e2c   0x08000e2c   0x00000028   Code   RO         1946    i.HAL_Delay         stm32f1xx_hal.o
    0x08000e54   0x08000e54   0x00000014   Code   RO         2670    i.HAL_FLASH_Lock    stm32f1xx_hal_flash.o
    0x08000e68   0x08000e68   0x000000b0   Code   RO         2675    i.HAL_FLASH_Program  stm32f1xx_hal_flash.o
    0x08000f18   0x08000f18   0x00000030   Code   RO         2677    i.HAL_FLASH_Unlock  stm32f1xx_hal_flash.o
    0x08000f48   0x08000f48   0x00000002   Code   RO         2257    i.HAL_GPIO_EXTI_Callback  stm32f1xx_hal_gpio.o
    0x08000f4a   0x08000f4a   0x00000002   PAD
    0x08000f4c   0x08000f4c   0x0000001c   Code   RO         2258    i.HAL_GPIO_EXTI_IRQHandler  stm32f1xx_hal_gpio.o
    0x08000f68   0x08000f68   0x00000320   Code   RO         2259    i.HAL_GPIO_Init     stm32f1xx_hal_gpio.o
    0x08001288   0x08001288   0x0000000c   Code   RO         2263    i.HAL_GPIO_WritePin  stm32f1xx_hal_gpio.o
    0x08001294   0x08001294   0x0000000c   Code   RO         1950    i.HAL_GetTick       stm32f1xx_hal.o
    0x080012a0   0x080012a0   0x00000018   Code   RO         1956    i.HAL_IncTick       stm32f1xx_hal.o
    0x080012b8   0x080012b8   0x00000028   Code   RO         1957    i.HAL_Init          stm32f1xx_hal.o
    0x080012e0   0x080012e0   0x0000004c   Code   RO         1958    i.HAL_InitTick      stm32f1xx_hal.o
    0x0800132c   0x0800132c   0x00000054   Code   RO          641    i.HAL_MspInit       stm32f1xx_hal_msp.o
    0x08001380   0x08001380   0x00000020   Code   RO         2419    i.HAL_NVIC_EnableIRQ  stm32f1xx_hal_cortex.o
    0x080013a0   0x080013a0   0x0000007c   Code   RO         2425    i.HAL_NVIC_SetPriority  stm32f1xx_hal_cortex.o
    0x0800141c   0x0800141c   0x00000028   Code   RO         2426    i.HAL_NVIC_SetPriorityGrouping  stm32f1xx_hal_cortex.o
    0x08001444   0x08001444   0x0000018c   Code   RO         2114    i.HAL_RCC_ClockConfig  stm32f1xx_hal_rcc.o
    0x080015d0   0x080015d0   0x00000094   Code   RO         2123    i.HAL_RCC_GetSysClockFreq  stm32f1xx_hal_rcc.o
    0x08001664   0x08001664   0x00000464   Code   RO         2126    i.HAL_RCC_OscConfig  stm32f1xx_hal_rcc.o
    0x08001ac8   0x08001ac8   0x00000034   Code   RO         2430    i.HAL_SYSTICK_Config  stm32f1xx_hal_cortex.o
    0x08001afc   0x08001afc   0x00000084   Code   RO         1439    i.HAL_TIMEx_MasterConfigSynchronization  stm32f1xx_hal_tim_ex.o
    0x08001b80   0x08001b80   0x000000c4   Code   RO          726    i.HAL_TIM_Encoder_Init  stm32f1xx_hal_tim.o
    0x08001c44   0x08001c44   0x00000070   Code   RO          318    i.HAL_TIM_Encoder_MspInit  tim.o
    0x08001cb4   0x08001cb4   0x000000cc   Code   RO          729    i.HAL_TIM_Encoder_Start  stm32f1xx_hal_tim.o
    0x08001d80   0x08001d80   0x0000006c   Code   RO         4714    i.HandleControlIT   system.o
    0x08001dec   0x08001dec   0x00000030   Code   RO         3694    i.HandleLimitIT     limits.o
    0x08001e1c   0x08001e1c   0x00000024   Code   RO         4576    i.HandleStepResetIT  stepper.o
    0x08001e40   0x08001e40   0x00000370   Code   RO         4577    i.HandleStepSetIT   stepper.o
    0x080021b0   0x080021b0   0x00000138   Code   RO         4342    i.HandleUartIT      serial.o
    0x080022e8   0x080022e8   0x00000004   Code   RO          496    i.HardFault_Handler  stm32f1xx_it.o
    0x080022ec   0x080022ec   0x0000001c   Code   RO          319    i.LL_APB1_GRP1_EnableClock  tim.o
    0x08002308   0x08002308   0x0000001c   Code   RO          320    i.LL_APB2_GRP1_EnableClock  tim.o
    0x08002324   0x08002324   0x0000001c   Code   RO          448    i.LL_APB2_GRP1_EnableClock  usart.o
    0x08002340   0x08002340   0x00000120   Code   RO         1849    i.LL_GPIO_Init      stm32f1xx_ll_gpio.o
    0x08002460   0x08002460   0x00000006   Code   RO         4578    i.LL_GPIO_ReadOutputPort  stepper.o
    0x08002466   0x08002466   0x00000004   Code   RO         4579    i.LL_GPIO_WriteOutputPort  stepper.o
    0x0800246a   0x0800246a   0x00000024   Code   RO         2947    i.LL_RCC_GetSystemClocksFreq  stm32f1xx_ll_rcc.o
    0x0800248e   0x0800248e   0x00000052   Code   RO         1693    i.LL_TIM_BDTR_Init  stm32f1xx_ll_tim.o
    0x080024e0   0x080024e0   0x0000000a   Code   RO          321    i.LL_TIM_DisableARRPreload  tim.o
    0x080024ea   0x080024ea   0x0000000a   Code   RO          322    i.LL_TIM_DisableMasterSlaveMode  tim.o
    0x080024f4   0x080024f4   0x0000000a   Code   RO         4580    i.LL_TIM_EnableCounter  stepper.o
    0x080024fe   0x080024fe   0x0000000a   Code   RO         4581    i.LL_TIM_EnableIT_UPDATE  stepper.o
    0x08002508   0x08002508   0x0000000a   Code   RO         4582    i.LL_TIM_GenerateEvent_UPDATE  stepper.o
    0x08002512   0x08002512   0x00000002   PAD
    0x08002514   0x08002514   0x00000084   Code   RO         1702    i.LL_TIM_Init       stm32f1xx_ll_tim.o
    0x08002598   0x08002598   0x0000000a   Code   RO          497    i.LL_TIM_IsActiveFlag_UPDATE  stm32f1xx_it.o
    0x080025a2   0x080025a2   0x00000002   PAD
    0x080025a4   0x080025a4   0x00000060   Code   RO          323    i.LL_TIM_OC_DisableFast  tim.o
    0x08002604   0x08002604   0x00000060   Code   RO          324    i.LL_TIM_OC_EnablePreload  tim.o
    0x08002664   0x08002664   0x0000005c   Code   RO         1703    i.LL_TIM_OC_Init    stm32f1xx_ll_tim.o
    0x080026c0   0x080026c0   0x00000004   Code   RO         1704    i.LL_TIM_OC_SetCompareCH2  stm32f1xx_ll_tim.o
    0x080026c4   0x080026c4   0x00000004   Code   RO         4583    i.LL_TIM_SetAutoReload  stepper.o
    0x080026c8   0x080026c8   0x0000000e   Code   RO          325    i.LL_TIM_SetClockSource  tim.o
    0x080026d6   0x080026d6   0x00000004   Code   RO          498    i.LL_TIM_SetCounter  stm32f1xx_it.o
    0x080026da   0x080026da   0x0000000c   Code   RO          326    i.LL_TIM_SetTriggerOutput  tim.o
    0x080026e6   0x080026e6   0x00000002   PAD
    0x080026e8   0x080026e8   0x00000094   Code   RO         3197    i.LL_USART_Init     stm32f1xx_ll_usart.o
    0x0800277c   0x0800277c   0x0000000a   Code   RO         3198    i.LL_USART_IsEnabled  stm32f1xx_ll_usart.o
    0x08002786   0x08002786   0x0000009e   Code   RO         3199    i.LL_USART_SetBaudRate  stm32f1xx_ll_usart.o
    0x08002824   0x08002824   0x00000158   Code   RO          287    i.MX_GPIO_Init      gpio.o
    0x0800297c   0x0800297c   0x00000044   Code   RO           14    i.MX_NVIC_Init      main.o
    0x080029c0   0x080029c0   0x000000dc   Code   RO          327    i.MX_TIM1_Init      tim.o
    0x08002a9c   0x08002a9c   0x00000074   Code   RO          328    i.MX_TIM2_Init      tim.o
    0x08002b10   0x08002b10   0x00000070   Code   RO          329    i.MX_TIM3_Init      tim.o
    0x08002b80   0x08002b80   0x00000080   Code   RO          330    i.MX_TIM4_Init      tim.o
    0x08002c00   0x08002c00   0x00000154   Code   RO          449    i.MX_USART1_UART_Init  usart.o
    0x08002d54   0x08002d54   0x00000004   Code   RO          499    i.MemManage_Handler  stm32f1xx_it.o
    0x08002d58   0x08002d58   0x00000002   Code   RO          500    i.NMI_Handler       stm32f1xx_it.o
    0x08002d5a   0x08002d5a   0x00000040   Code   RO          331    i.NVIC_EncodePriority  tim.o
    0x08002d9a   0x08002d9a   0x00000002   PAD
    0x08002d9c   0x08002d9c   0x00000078   Code   RO         1707    i.OC1Config         stm32f1xx_ll_tim.o
    0x08002e14   0x08002e14   0x00000084   Code   RO         1708    i.OC2Config         stm32f1xx_ll_tim.o
    0x08002e98   0x08002e98   0x00000078   Code   RO         1709    i.OC3Config         stm32f1xx_ll_tim.o
    0x08002f10   0x08002f10   0x00000058   Code   RO         1710    i.OC4Config         stm32f1xx_ll_tim.o
    0x08002f68   0x08002f68   0x00000002   Code   RO          501    i.PendSV_Handler    stm32f1xx_it.o
    0x08002f6a   0x08002f6a   0x00000002   PAD
    0x08002f6c   0x08002f6c   0x00000028   Code   RO         2127    i.RCC_Delay         stm32f1xx_hal_rcc.o
    0x08002f94   0x08002f94   0x00000020   Code   RO         2950    i.RCC_GetHCLKClockFreq  stm32f1xx_ll_rcc.o
    0x08002fb4   0x08002fb4   0x00000024   Code   RO         2951    i.RCC_GetPCLK1ClockFreq  stm32f1xx_ll_rcc.o
    0x08002fd8   0x08002fd8   0x00000024   Code   RO         2952    i.RCC_GetPCLK2ClockFreq  stm32f1xx_ll_rcc.o
    0x08002ffc   0x08002ffc   0x0000003c   Code   RO         2953    i.RCC_GetSystemClockFreq  stm32f1xx_ll_rcc.o
    0x08003038   0x08003038   0x00000058   Code   RO         2954    i.RCC_PLL_GetFreqDomain_SYS  stm32f1xx_ll_rcc.o
    0x08003090   0x08003090   0x00000002   Code   RO          502    i.SVC_Handler       stm32f1xx_it.o
    0x08003092   0x08003092   0x00000002   PAD
    0x08003094   0x08003094   0x00000040   Code   RO         3406    i.Spindle_Disable   stm32utilities.o
    0x080030d4   0x080030d4   0x00000040   Code   RO         3407    i.Spindle_Enable    stm32utilities.o
    0x08003114   0x08003114   0x00000008   Code   RO          503    i.SysTick_Handler   stm32f1xx_it.o
    0x0800311c   0x0800311c   0x00000066   Code   RO           15    i.SystemClock_Config  main.o
    0x08003182   0x08003182   0x00000002   PAD
    0x08003184   0x08003184   0x00000058   Code   RO         3264    i.SystemInit        system_stm32f1xx.o
    0x080031dc   0x080031dc   0x0000002a   Code   RO          504    i.TIM2_IRQHandler   stm32f1xx_it.o
    0x08003206   0x08003206   0x00000002   PAD
    0x08003208   0x08003208   0x00000064   Code   RO          505    i.TIM3_IRQHandler   stm32f1xx_it.o
    0x0800326c   0x0800326c   0x00000074   Code   RO          798    i.TIM_Base_SetConfig  stm32f1xx_hal_tim.o
    0x080032e0   0x080032e0   0x00000022   Code   RO          799    i.TIM_CCxChannelCmd  stm32f1xx_hal_tim.o
    0x08003302   0x08003302   0x00000002   PAD
    0x08003304   0x08003304   0x00000034   Code   RO          506    i.USART1_IRQHandler  stm32f1xx_it.o
    0x08003338   0x08003338   0x00000004   Code   RO          507    i.UsageFault_Handler  stm32f1xx_it.o
    0x0800333c   0x0800333c   0x00000026   Code   RO         4978    i.__ARM_fpclassifyf  m_ws.l(fpclassifyf.o)
    0x08003362   0x08003362   0x00000002   PAD
    0x08003364   0x08003364   0x0000001c   Code   RO          508    i.__NVIC_ClearPendingIRQ  stm32f1xx_it.o
    0x08003380   0x08003380   0x0000003c   Code   RO         4584    i.__NVIC_DisableIRQ  stepper.o
    0x080033bc   0x080033bc   0x0000001a   Code   RO          332    i.__NVIC_EnableIRQ  tim.o
    0x080033d6   0x080033d6   0x0000001a   Code   RO         4585    i.__NVIC_EnableIRQ  stepper.o
    0x080033f0   0x080033f0   0x00000010   Code   RO          333    i.__NVIC_GetPriorityGrouping  tim.o
    0x08003400   0x08003400   0x00000010   Code   RO         2432    i.__NVIC_GetPriorityGrouping  stm32f1xx_hal_cortex.o
    0x08003410   0x08003410   0x00000028   Code   RO          334    i.__NVIC_SetPriority  tim.o
    0x08003438   0x08003438   0x00000028   Code   RO         2433    i.__NVIC_SetPriority  stm32f1xx_hal_cortex.o
    0x08003460   0x08003460   0x00000006   Code   RO         4981    i.__mathlib_flt_infnan  m_ws.l(funder.o)
    0x08003466   0x08003466   0x00000004   Code   RO         4982    i.__mathlib_flt_infnan2  m_ws.l(funder.o)
    0x0800346a   0x0800346a   0x00000008   Code   RO         4983    i.__mathlib_flt_invalid  m_ws.l(funder.o)
    0x08003472   0x08003472   0x0000000a   Code   RO         4986    i.__mathlib_flt_underflow  m_ws.l(funder.o)
    0x0800347c   0x0800347c   0x00000168   Code   RO         4994    i.__mathlib_rredf2  m_ws.l(rredf.o)
    0x080035e4   0x080035e4   0x0000000e   Code   RO         5047    i.__scatterload_copy  mc_w.l(handlers.o)
    0x080035f2   0x080035f2   0x00000002   Code   RO         5048    i.__scatterload_null  mc_w.l(handlers.o)
    0x080035f4   0x080035f4   0x0000000e   Code   RO         5049    i.__scatterload_zeroinit  mc_w.l(handlers.o)
    0x08003602   0x08003602   0x00000002   PAD
    0x08003604   0x08003604   0x0000000c   Code   RO         5021    i.__set_errno       mc_w.l(errno.o)
    0x08003610   0x08003610   0x00000084   Code   RO         4413    i.acceleration_scaling  settings.o
    0x08003694   0x08003694   0x000002a4   Code   RO         4840    i.atan2f            m_ws.l(atan2f.o)
    0x08003938   0x08003938   0x000000dc   Code   RO         4848    i.ceil              m_ws.l(ceil.o)
    0x08003a14   0x08003a14   0x00000078   Code   RO         4852    i.ceilf             m_ws.l(ceilf.o)
    0x08003a8c   0x08003a8c   0x00000088   Code   RO         3837    i.convert_delta_vector_to_unit_vector  nuts_bolts.o
    0x08003b14   0x08003b14   0x00000028   Code   RO         3505    i.coolant_get_state  coolant_control.o
    0x08003b3c   0x08003b3c   0x00000008   Code   RO         3506    i.coolant_init      coolant_control.o
    0x08003b44   0x08003b44   0x00000048   Code   RO         3507    i.coolant_set_state  coolant_control.o
    0x08003b8c   0x08003b8c   0x0000001c   Code   RO         3508    i.coolant_stop      coolant_control.o
    0x08003ba8   0x08003ba8   0x00000020   Code   RO         3509    i.coolant_sync      coolant_control.o
    0x08003bc8   0x08003bc8   0x0000017c   Code   RO         4856    i.cosf              m_ws.l(cosf.o)
    0x08003d44   0x08003d44   0x00000020   Code   RO         3838    i.delay_ms          nuts_bolts.o
    0x08003d64   0x08003d64   0x0000006c   Code   RO         3839    i.delay_sec         nuts_bolts.o
    0x08003dd0   0x08003dd0   0x00000084   Code   RO         3555    i.eeprom_flush      eeprom.o
    0x08003e54   0x08003e54   0x0000000c   Code   RO         3556    i.eeprom_get_char   eeprom.o
    0x08003e60   0x08003e60   0x00000048   Code   RO         3557    i.eeprom_init       eeprom.o
    0x08003ea8   0x08003ea8   0x0000000c   Code   RO         3558    i.eeprom_put_char   eeprom.o
    0x08003eb4   0x08003eb4   0x000000dc   Code   RO         4864    i.floor             m_ws.l(floor.o)
    0x08003f90   0x08003f90   0x000016c0   Code   RO         3625    i.gc_execute_line   gcode.o
    0x08005650   0x08005650   0x00000024   Code   RO         3626    i.gc_init           gcode.o
    0x08005674   0x08005674   0x00000014   Code   RO         3627    i.gc_sync_position  gcode.o
    0x08005688   0x08005688   0x000000bc   Code   RO         3695    i.homing_init       limits.o
    0x08005744   0x08005744   0x0000002c   Code   RO         3841    i.hypot_f           nuts_bolts.o
    0x08005770   0x08005770   0x00000016   Code   RO         3300    i.inoutputs_init    inoutputs.o
    0x08005786   0x08005786   0x00000002   Code   RO         3301    i.inputs_digital_init  inoutputs.o
    0x08005788   0x08005788   0x0000005c   Code   RO         3668    i.jog_execute       jog.o
    0x080057e4   0x080057e4   0x00000084   Code   RO         3842    i.limit_value_by_axis_maximum  nuts_bolts.o
    0x08005868   0x08005868   0x00000040   Code   RO         3696    i.limits_disable    limits.o
    0x080058a8   0x080058a8   0x00000002   Code   RO         3697    i.limits_enable     limits.o
    0x080058aa   0x080058aa   0x00000002   PAD
    0x080058ac   0x080058ac   0x0000004c   Code   RO         3698    i.limits_get_state  limits.o
    0x080058f8   0x080058f8   0x00000024   Code   RO         3699    i.limits_go_home    limits.o
    0x0800591c   0x0800591c   0x00000024   Code   RO         3700    i.limits_homing_in_progress  limits.o
    0x08005940   0x08005940   0x0000038c   Code   RO         3701    i.limits_homing_process  limits.o
    0x08005ccc   0x08005ccc   0x00000020   Code   RO         3702    i.limits_init       limits.o
    0x08005cec   0x08005cec   0x00000078   Code   RO         3703    i.limits_soft_check  limits.o
    0x08005d64   0x08005d64   0x000000c4   Code   RO         4895    i.lround            m_ws.l(lround.o)
    0x08005e28   0x08005e28   0x00000104   Code   RO           16    i.main              main.o
    0x08005f2c   0x08005f2c   0x000003b8   Code   RO         3781    i.mc_arc            motion_control.o
    0x080062e4   0x080062e4   0x00000024   Code   RO         3782    i.mc_dwell          motion_control.o
    0x08006308   0x08006308   0x00000044   Code   RO         3783    i.mc_homing_cycle   motion_control.o
    0x0800634c   0x0800634c   0x0000007c   Code   RO         3784    i.mc_line           motion_control.o
    0x080063c8   0x080063c8   0x000000e0   Code   RO         3785    i.mc_probe_cycle    motion_control.o
    0x080064a8   0x080064a8   0x0000005c   Code   RO         3786    i.mc_reset          motion_control.o
    0x08006504   0x08006504   0x00000046   Code   RO         3559    i.memcpy_from_eeprom_with_checksum  eeprom.o
    0x0800654a   0x0800654a   0x00000046   Code   RO         3560    i.memcpy_to_eeprom_with_checksum  eeprom.o
    0x08006590   0x08006590   0x00000002   Code   RO         3302    i.outputs_analog_action  inoutputs.o
    0x08006592   0x08006592   0x00000002   Code   RO         3303    i.outputs_analog_init  inoutputs.o
    0x08006594   0x08006594   0x00000002   Code   RO         3304    i.outputs_analog_set  inoutputs.o
    0x08006596   0x08006596   0x00000042   Code   RO         3306    i.outputs_digital_action  inoutputs.o
    0x080065d8   0x080065d8   0x00000024   Code   RO         3307    i.outputs_digital_reset  inoutputs.o
    0x080065fc   0x080065fc   0x00000024   Code   RO         3308    i.outputs_digital_set  inoutputs.o
    0x08006620   0x08006620   0x00000030   Code   RO         3311    i.outputs_set_digital  inoutputs.o
    0x08006650   0x08006650   0x00000328   Code   RO         3899    i.plan_buffer_line  planner.o
    0x08006978   0x08006978   0x0000001c   Code   RO         3900    i.plan_check_full_buffer  planner.o
    0x08006994   0x08006994   0x000000c0   Code   RO         3901    i.plan_compute_profile_nominal_speed  planner.o
    0x08006a54   0x08006a54   0x00000038   Code   RO         3902    i.plan_compute_profile_parameters  planner.o
    0x08006a8c   0x08006a8c   0x0000001c   Code   RO         3903    i.plan_cycle_reinitialize  planner.o
    0x08006aa8   0x08006aa8   0x0000003c   Code   RO         3904    i.plan_discard_current_block  planner.o
    0x08006ae4   0x08006ae4   0x00000038   Code   RO         3905    i.plan_get_block_buffer_available  planner.o
    0x08006b1c   0x08006b1c   0x00000030   Code   RO         3907    i.plan_get_current_block  planner.o
    0x08006b4c   0x08006b4c   0x00000038   Code   RO         3908    i.plan_get_exec_block_exit_speed_sqr  planner.o
    0x08006b84   0x08006b84   0x0000001c   Code   RO         3909    i.plan_get_system_motion_block  planner.o
    0x08006ba0   0x08006ba0   0x0000000c   Code   RO         3910    i.plan_next_block_index  planner.o
    0x08006bac   0x08006bac   0x0000000a   Code   RO         3911    i.plan_prev_block_index  planner.o
    0x08006bb6   0x08006bb6   0x00000002   PAD
    0x08006bb8   0x08006bb8   0x00000014   Code   RO         3912    i.plan_reset        planner.o
    0x08006bcc   0x08006bcc   0x00000028   Code   RO         3913    i.plan_reset_buffer  planner.o
    0x08006bf4   0x08006bf4   0x00000024   Code   RO         3914    i.plan_sync_position  planner.o
    0x08006c18   0x08006c18   0x0000005c   Code   RO         3915    i.plan_update_velocity_profile_parameters  planner.o
    0x08006c74   0x08006c74   0x00000178   Code   RO         3916    i.planner_recalculate  planner.o
    0x08006dec   0x08006dec   0x000000e4   Code   RO         4026    i.printFloat        print.o
    0x08006ed0   0x08006ed0   0x0000004c   Code   RO         4027    i.printFloat_CoordValue  print.o
    0x08006f1c   0x08006f1c   0x0000004c   Code   RO         4028    i.printFloat_RateValue  print.o
    0x08006f68   0x08006f68   0x00000016   Code   RO         4030    i.printString       print.o
    0x08006f7e   0x08006f7e   0x00000058   Code   RO         4032    i.print_uint8_base10  print.o
    0x08006fd6   0x08006fd6   0x00000002   PAD
    0x08006fd8   0x08006fd8   0x00000034   Code   RO         4094    i.probe_configure_invert_mask  probe.o
    0x0800700c   0x0800700c   0x00000024   Code   RO         4095    i.probe_get_state   probe.o
    0x08007030   0x08007030   0x0000000a   Code   RO         4096    i.probe_init        probe.o
    0x0800703a   0x0800703a   0x00000002   PAD
    0x0800703c   0x0800703c   0x00000034   Code   RO         4097    i.probe_state_monitor  probe.o
    0x08007070   0x08007070   0x00000010   Code   RO         4140    i.protocol_auto_cycle_start  protocol.o
    0x08007080   0x08007080   0x0000002c   Code   RO         4141    i.protocol_buffer_synchronize  protocol.o
    0x080070ac   0x080070ac   0x00000224   Code   RO         4142    i.protocol_exec_rt_suspend  protocol.o
    0x080072d0   0x080072d0   0x00000480   Code   RO         4143    i.protocol_exec_rt_system  protocol.o
    0x08007750   0x08007750   0x00000018   Code   RO         4144    i.protocol_execute_realtime  protocol.o
    0x08007768   0x08007768   0x0000016c   Code   RO         4145    i.protocol_main_loop  protocol.o
    0x080078d4   0x080078d4   0x00000154   Code   RO         3843    i.read_float        nuts_bolts.o
    0x08007a28   0x08007a28   0x0000002c   Code   RO         4414    i.read_global_settings  settings.o
    0x08007a54   0x08007a54   0x00000028   Code   RO         4196    i.report_alarm_message  report.o
    0x08007a7c   0x08007a7c   0x00000070   Code   RO         4197    i.report_build_info  report.o
    0x08007aec   0x08007aec   0x00000020   Code   RO         4199    i.report_execute_startup_message  report.o
    0x08007b0c   0x08007b0c   0x00000130   Code   RO         4200    i.report_feedback_message  report.o
    0x08007c3c   0x08007c3c   0x00000168   Code   RO         4201    i.report_gcode_modes  report.o
    0x08007da4   0x08007da4   0x00000010   Code   RO         4202    i.report_grbl_help  report.o
    0x08007db4   0x08007db4   0x000001e0   Code   RO         4203    i.report_grbl_settings  report.o
    0x08007f94   0x08007f94   0x00000030   Code   RO         4204    i.report_init_message  report.o
    0x08007fc4   0x08007fc4   0x000000ac   Code   RO         4205    i.report_ngc_parameters  report.o
    0x08008070   0x08008070   0x0000003c   Code   RO         4206    i.report_probe_parameters  report.o
    0x080080ac   0x080080ac   0x000003d0   Code   RO         4207    i.report_realtime_status  report.o
    0x0800847c   0x0800847c   0x00000028   Code   RO         4208    i.report_startup_line  report.o
    0x080084a4   0x080084a4   0x00000034   Code   RO         4209    i.report_status_message  report.o
    0x080084d8   0x080084d8   0x00000024   Code   RO         4210    i.report_util_axis_values  report.o
    0x080084fc   0x080084fc   0x0000000e   Code   RO         4211    i.report_util_feedback_line_feed  report.o
    0x0800850a   0x0800850a   0x0000001c   Code   RO         4212    i.report_util_float_setting  report.o
    0x08008526   0x08008526   0x00000002   PAD
    0x08008528   0x08008528   0x00000010   Code   RO         4213    i.report_util_gcode_modes_G  report.o
    0x08008538   0x08008538   0x00000010   Code   RO         4214    i.report_util_gcode_modes_M  report.o
    0x08008548   0x08008548   0x00000010   Code   RO         4215    i.report_util_line_feed  report.o
    0x08008558   0x08008558   0x00000018   Code   RO         4216    i.report_util_setting_prefix  report.o
    0x08008570   0x08008570   0x00000018   Code   RO         4217    i.report_util_uint8_setting  report.o
    0x08008588   0x08008588   0x00000094   Code   RO         4867    i.round             m_ws.l(round.o)
    0x0800861c   0x0800861c   0x00000030   Code   RO         4343    i.serial_get_rx_buffer_available  serial.o
    0x0800864c   0x0800864c   0x00000002   Code   RO         4346    i.serial_init       serial.o
    0x0800864e   0x0800864e   0x00000002   PAD
    0x08008650   0x08008650   0x00000034   Code   RO         4347    i.serial_read       serial.o
    0x08008684   0x08008684   0x00000014   Code   RO         4348    i.serial_reset_read_buffer  serial.o
    0x08008698   0x08008698   0x0000000c   Code   RO         4349    i.serial_write      serial.o
    0x080086a4   0x080086a4   0x00000048   Code   RO         4415    i.settings_init     settings.o
    0x080086ec   0x080086ec   0x00000024   Code   RO         4416    i.settings_read_build_info  settings.o
    0x08008710   0x08008710   0x00000036   Code   RO         4417    i.settings_read_coord_data  settings.o
    0x08008746   0x08008746   0x00000032   Code   RO         4418    i.settings_read_startup_line  settings.o
    0x08008778   0x08008778   0x00000158   Code   RO         4419    i.settings_restore  settings.o
    0x080088d0   0x080088d0   0x00000012   Code   RO         4420    i.settings_store_build_info  settings.o
    0x080088e2   0x080088e2   0x00000002   PAD
    0x080088e4   0x080088e4   0x00000348   Code   RO         4421    i.settings_store_global_setting  settings.o
    0x08008c2c   0x08008c2c   0x00000022   Code   RO         4422    i.settings_store_startup_line  settings.o
    0x08008c4e   0x08008c4e   0x00000022   Code   RO         4423    i.settings_write_coord_data  settings.o
    0x08008c70   0x08008c70   0x00000188   Code   RO         4870    i.sinf              m_ws.l(sinf.o)
    0x08008df8   0x08008df8   0x000000e0   Code   RO         4510    i.spindle_compute_pwm_value  spindle_control.o
    0x08008ed8   0x08008ed8   0x0000001c   Code   RO         4511    i.spindle_get_state  spindle_control.o
    0x08008ef4   0x08008ef4   0x0000005c   Code   RO         4512    i.spindle_init      spindle_control.o
    0x08008f50   0x08008f50   0x00000020   Code   RO         4513    i.spindle_set_speed  spindle_control.o
    0x08008f70   0x08008f70   0x00000068   Code   RO         4514    i.spindle_set_state  spindle_control.o
    0x08008fd8   0x08008fd8   0x00000008   Code   RO         4515    i.spindle_stop      spindle_control.o
    0x08008fe0   0x08008fe0   0x00000024   Code   RO         4516    i.spindle_sync      spindle_control.o
    0x08009004   0x08009004   0x0000004c   Code   RO         4878    i.sqrt              m_ws.l(sqrt.o)
    0x08009050   0x08009050   0x0000002c   Code   RO         4886    i.sqrtf             m_ws.l(sqrtf.o)
    0x0800907c   0x0800907c   0x00000068   Code   RO         4586    i.st_generate_step_dir_invert_masks  stepper.o
    0x080090e4   0x080090e4   0x0000001c   Code   RO         4587    i.st_get_realtime_rate  stepper.o
    0x08009100   0x08009100   0x0000007c   Code   RO         4588    i.st_go_idle        stepper.o
    0x0800917c   0x0800917c   0x00000012   Code   RO         4589    i.st_next_block_index  stepper.o
    0x0800918e   0x0800918e   0x00000002   PAD
    0x08009190   0x08009190   0x00000a2c   Code   RO         4590    i.st_prep_buffer    stepper.o
    0x08009bbc   0x08009bbc   0x000000a0   Code   RO         4591    i.st_reset          stepper.o
    0x08009c5c   0x08009c5c   0x00000034   Code   RO         4592    i.st_update_plan_block_parameters  stepper.o
    0x08009c90   0x08009c90   0x000000c0   Code   RO         4593    i.st_wake_up        stepper.o
    0x08009d50   0x08009d50   0x00000030   Code   RO         4594    i.stepper_init      stepper.o
    0x08009d80   0x08009d80   0x0000000c   Code   RO         4715    i.system_check_safety_door_ajar  system.o
    0x08009d8c   0x08009d8c   0x00000038   Code   RO         4716    i.system_check_travel_limits  system.o
    0x08009dc4   0x08009dc4   0x00000010   Code   RO         4717    i.system_clear_exec_accessory_overrides  system.o
    0x08009dd4   0x08009dd4   0x00000010   Code   RO         4718    i.system_clear_exec_alarm  system.o
    0x08009de4   0x08009de4   0x00000010   Code   RO         4719    i.system_clear_exec_motion_overrides  system.o
    0x08009df4   0x08009df4   0x00000014   Code   RO         4720    i.system_clear_exec_state_flag  system.o
    0x08009e08   0x08009e08   0x0000003c   Code   RO         4721    i.system_control_get_state  system.o
    0x08009e44   0x08009e44   0x00000020   Code   RO         4722    i.system_convert_array_steps_to_mpos  system.o
    0x08009e64   0x08009e64   0x0000002c   Code   RO         4723    i.system_convert_axis_steps_to_mpos  system.o
    0x08009e90   0x08009e90   0x0000037c   Code   RO         4724    i.system_execute_line  system.o
    0x0800a20c   0x0800a20c   0x00000040   Code   RO         4725    i.system_execute_startup  system.o
    0x0800a24c   0x0800a24c   0x00000014   Code   RO         4726    i.system_flag_wco_change  system.o
    0x0800a260   0x0800a260   0x00000002   Code   RO         4727    i.system_init       system.o
    0x0800a262   0x0800a262   0x00000002   PAD
    0x0800a264   0x0800a264   0x00000014   Code   RO         4728    i.system_set_exec_accessory_override_flag  system.o
    0x0800a278   0x0800a278   0x00000014   Code   RO         4729    i.system_set_exec_alarm  system.o
    0x0800a28c   0x0800a28c   0x00000014   Code   RO         4730    i.system_set_exec_motion_override_flag  system.o
    0x0800a2a0   0x0800a2a0   0x00000014   Code   RO         4731    i.system_set_exec_state_flag  system.o
    0x0800a2b4   0x0800a2b4   0x0000003c   Code   RO         3409    i.timing_init       stm32utilities.o
    0x0800a2f0   0x0800a2f0   0x00000064   Code   RO         4893    i.trunc             m_ws.l(trunc.o)
    0x0800a354   0x0800a354   0x0000002c   Code   RO         3410    i.uart_init         stm32utilities.o
    0x0800a380   0x0800a380   0x00000020   Code   RO         3411    i.uart_sendch       stm32utilities.o
    0x0800a3a0   0x0800a3a0   0x00000016   Code   RO         3412    i.uart_sendstr      stm32utilities.o
    0x0800a3b6   0x0800a3b6   0x00000002   Code   RO         3312    i.wait_on_input_action  inoutputs.o
    0x0800a3b8   0x0800a3b8   0x0000001c   Code   RO         4424    i.write_global_settings  settings.o
    0x0800a3d4   0x0800a3d4   0x0000002a   Data   RO          336    .constdata          tim.o
    0x0800a3fe   0x0800a3fe   0x00000018   Data   RO         3265    .constdata          system_stm32f1xx.o
    0x0800a416   0x0800a416   0x00000032   Data   RO         3313    .constdata          inoutputs.o
    0x0800a448   0x0800a448   0x0000003c   Data   RO         3414    .constdata          stm32utilities.o
    0x0800a484   0x0800a484   0x00000020   Data   RO         4995    .constdata          m_ws.l(rredf.o)
    0x0800a4a4   0x0800a4a4   0x0000000b   Data   RO         3415    .conststring        stm32utilities.o
    0x0800a4af   0x0800a4af   0x00000001   PAD
    0x0800a4b0   0x0800a4b0   0x0000004a   Data   RO         4219    .conststring        report.o
    0x0800a4fa   0x0800a4fa   0x00000002   PAD
    0x0800a4fc   0x0800a4fc   0x00000020   Data   RO         5045    Region$$Table       anon$$obj.o


    Execution Region RW_IRAM1 (Exec base: 0x20000000, Load base: 0x0800a51c, Size: 0x00003908, Max: 0x00005000, ABSOLUTE)

    Exec Addr    Load Addr    Size         Type   Attr      Idx    E Section Name        Object

    0x20000000   0x0800a51c   0x00000005   Data   RW           19    .data               main.o
    0x20000005   0x0800a521   0x00000003   PAD
    0x20000008   0x0800a524   0x00000009   Data   RW         1964    .data               stm32f1xx_hal.o
    0x20000011   0x0800a52d   0x00000003   PAD
    0x20000014   0x0800a530   0x00000004   Data   RW         3266    .data               system_stm32f1xx.o
    0x20000018   0x0800a534   0x0000000c   Data   RW         3416    .data               stm32utilities.o
    0x20000024   0x0800a540   0x00000004   Data   RW         3919    .data               planner.o
    0x20000028   0x0800a544   0x00000002   Data   RW         4099    .data               probe.o
    0x2000002a   0x0800a546   0x00000004   Data   RW         4352    .data               serial.o
    0x2000002e   0x0800a54a   0x00000002   PAD
    0x20000030   0x0800a54c   0x00000004   Data   RW         4518    .data               spindle_control.o
    0x20000034   0x0800a550   0x00000014   Data   RW         4597    .data               stepper.o
    0x20000048   0x0800a564   0x00000004   Data   RW         5022    .data               mc_w.l(errno.o)
    0x2000004c        -       0x0000002c   Zero   RW           17    .bss                main.o
    0x20000078        -       0x00000048   Zero   RW          335    .bss                tim.o
    0x200000c0        -       0x00000020   Zero   RW         2678    .bss                stm32f1xx_hal_flash.o
    0x200000e0        -       0x00000073   Zero   RW         3413    .bss                stm32utilities.o
    0x20000153        -       0x00000400   Zero   RW         3561    .bss                eeprom.o
    0x20000553   0x0800a568   0x00000001   PAD
    0x20000554        -       0x00000094   Zero   RW         3628    .bss                gcode.o
    0x200005e8        -       0x0000002c   Zero   RW         3704    .bss                limits.o
    0x20000614        -       0x000028bc   Zero   RW         3917    .bss                planner.o
    0x20002ed0        -       0x00000050   Zero   RW         4146    .bss                protocol.o
    0x20002f20        -       0x0000017e   Zero   RW         4350    .bss                serial.o
    0x2000309e   0x0800a568   0x00000002   PAD
    0x200030a0        -       0x0000007c   Zero   RW         4425    .bss                settings.o
    0x2000311c        -       0x000003e8   Zero   RW         4595    .bss                stepper.o
    0x20003504   0x0800a568   0x00000004   PAD
    0x20003508        -       0x00000400   Zero   RW            1    STACK               startup_stm32f103xb.o


==============================================================================

Image component sizes


      Code (inc. data)   RO Data    RW Data    ZI Data      Debug   Object Name

       180         22          0          0          0       2669   coolant_control.o
       368         32          0          0       1024       4593   eeprom.o
      5880        170          0          0        148      10499   gcode.o
       344         20          0          0          0       1019   gpio.o
       218         24         50          0          0      13697   inoutputs.o
        92          8          0          0          0        914   jog.o
      1510        104          0          0         44      39806   limits.o
       432         42          0          5         44     480960   main.o
      1496         98          0          0          0       5324   motion_control.o
       792         42          0          0          0       4746   nuts_bolts.o
      1946        218          0          4      10428      11099   planner.o
       490         42          0          0          0       3019   print.o
       150         34          0          2          0       2391   probe.o
      2148         66          0          0         80       5721   protocol.o
      2866        552         74          0          0      12065   report.o
       446         82          0          4        382       4390   serial.o
      1686        116          0          0        124      10289   settings.o
       524         66          0          4          0      28781   spindle_control.o
        36          8        236          0       1024        804   startup_stm32f103xb.o
      4376        298          0         20       1000      71324   stepper.o
       192         36          0          9          0       5885   stm32f1xx_hal.o
       304         22          0          0          0      29415   stm32f1xx_hal_cortex.o
       520         48          0          0         32       4170   stm32f1xx_hal_flash.o
        40          8          0          0          0        562   stm32f1xx_hal_flash_ex.o
       842         38          0          0          0       3820   stm32f1xx_hal_gpio.o
        84          8          0          0          0        866   stm32f1xx_hal_msp.o
      1708         84          0          0          0       4384   stm32f1xx_hal_rcc.o
       550         12          0          0          0       3780   stm32f1xx_hal_tim.o
       132         14          0          0          0       1304   stm32f1xx_hal_tim_ex.o
       394         20          0          0          0      70536   stm32f1xx_it.o
       288          0          0          0          0      10507   stm32f1xx_ll_gpio.o
       288         48          0          0          0      13517   stm32f1xx_ll_rcc.o
       770         36          0          0          0      34226   stm32f1xx_ll_tim.o
       316         14          0          0          0      16000   stm32f1xx_ll_usart.o
       322         66         71         12        115      41558   stm32utilities.o
      1438         70          0          0          0      10665   system.o
        88         18         24          4          0       1163   system_stm32f1xx.o
      1128         82         42          0         72      61229   tim.o
       368         28          0          0          0      41373   usart.o

    ----------------------------------------------------------------------
     35792       2696        532         72      14524    1069070   Object Totals
         0          0         32          0          0          0   (incl. Generated)
        40          0          3          8          7          0   (incl. Padding)

    ----------------------------------------------------------------------

      Code (inc. data)   RO Data    RW Data    ZI Data      Debug   Library Member Name

       676         78          0          0          0        116   atan2f.o
       220         16          0          0          0         84   ceil.o
       120         10          0          0          0         84   ceilf.o
       380         52          0          0          0        124   cosf.o
       220         16          0          0          0         84   floor.o
        38          0          0          0          0         68   fpclassifyf.o
        28          0          0          0          0        272   funder.o
       196         26          0          0          0        100   lround.o
       148         12          0          0          0         88   round.o
       360         16         32          0          0         88   rredf.o
       392         54          0          0          0        124   sinf.o
        76          0          0          0          0         84   sqrt.o
        44          0          0          0          0         80   sqrtf.o
       100          4          0          0          0         84   trunc.o
         0          0          0          0          0          0   entry.o
         0          0          0          0          0          0   entry10a.o
         0          0          0          0          0          0   entry11a.o
         4          0          0          0          0          0   entry12b.o
         8          4          0          0          0          0   entry2.o
         4          0          0          0          0          0   entry5.o
         0          0          0          0          0          0   entry7b.o
         0          0          0          0          0          0   entry8b.o
         8          4          0          0          0          0   entry9a.o
        12          6          0          4          0         68   errno.o
        30          0          0          0          0          0   handlers.o
        36          8          0          0          0         68   init.o
         0          0          0          0          0          0   iusefp.o
        30          0          0          0          0         68   llshl.o
        36          0          0          0          0         68   llsshr.o
        32          0          0          0          0         68   llushr.o
        26          0          0          0          0         80   memcmp.o
        36          0          0          0          0         68   memcpya.o
        36          0          0          0          0        108   memseta.o
        48          0          0          0          0         68   cdcmple.o
        48          0          0          0          0         68   cdrcmple.o
        20          0          0          0          0         68   cfcmple.o
        20          0          0          0          0         68   cfrcmple.o
        56          0          0          0          0         88   d2f.o
       334          0          0          0          0        148   dadd.o
       222          0          0          0          0        100   ddiv.o
       186          0          0          0          0        176   depilogue.o
        62          0          0          0          0         80   dfixi.o
       168          0          0          0          0         88   dfixir.o
        50          0          0          0          0         76   dfixui.o
        26          0          0          0          0         76   dfltui.o
       228          0          0          0          0         96   dmul.o
       136          4          0          0          0         92   drnd.o
       162          0          0          0          0        100   dsqrt.o
        38          0          0          0          0         68   f2d.o
       176          0          0          0          0        140   fadd.o
       124          0          0          0          0         88   fdiv.o
       110          0          0          0          0        168   fepilogue.o
        50          0          0          0          0         68   ffixi.o
        40          0          0          0          0         68   ffixui.o
        18          0          0          0          0         68   fflti.o
        10          0          0          0          0         68   ffltui.o
       100          0          0          0          0         76   fmul.o
        60          0          0          0          0         76   frnd.o
        24          0          0          0          0         68   fscalb.o
        94          0          0          0          0         96   fsqrt.o

    ----------------------------------------------------------------------
      5912        310         32          4          0       4520   Library Totals
         6          0          0          0          0          0   (incl. Padding)

    ----------------------------------------------------------------------

      Code (inc. data)   RO Data    RW Data    ZI Data      Debug   Library Name

      2998        284         32          0          0       1480   m_ws.l
       298         22          0          4          0        596   mc_w.l
      2610          4          0          0          0       2444   mf_w.l

    ----------------------------------------------------------------------
      5912        310         32          4          0       4520   Library Totals

    ----------------------------------------------------------------------

==============================================================================


      Code (inc. data)   RO Data    RW Data    ZI Data      Debug   

     41704       3006        564         76      14524    1057674   Grand Totals
     41704       3006        564         76      14524    1057674   ELF Image Totals
     41704       3006        564         76          0          0   ROM Totals

==============================================================================

    Total RO  Size (Code + RO Data)                42268 (  41.28kB)
    Total RW  Size (RW Data + ZI Data)             14600 (  14.26kB)
    Total ROM Size (Code + RO Data + RW Data)      42344 (  41.35kB)

==============================================================================

